21-Jan-26 07:56:02 - Namespace(arch='dvs_tessvgg_model', cpu=False, dataset='DVSGesture', save_path='./experiments/DVSGesture_Lonic_wn_int8_ternary_int8', data_path='/home/cts3td/Datasets', trials=1, epochs=100, optimizer='Adam', loss='CE', lr=6.25e-05, lr_conv=6.25e-05, batch_size=1, val_batch_size=16, label_encoding='class', activation='LinearSpike', seed=1, pretrained_model=None, training_mode='tess', delay_ls=20, scheduler=100, print_freq=100, factors_stdp=[0.2, 0.5, 0.0, 1.0], pooling='MAX', weight_decay=0, lr_scheduler_type='ReduceLR', experiment_name='DVSGesture', wn=True, avoid_wn=False, low_precision_training=True, forward_intx=8)
21-Jan-26 07:56:02 - => Everything will be saved to ./experiments/DVSGesture_Lonic_wn_int8_ternary_int8
21-Jan-26 07:56:03 - CUDA GPU will be used for computations
21-Jan-26 07:56:03 - Training set length: 1176
21-Jan-26 07:56:03 - Test set length: 288
21-Jan-26 07:56:03 - Activation used: None
21-Jan-26 07:56:03 - Total Parameters: 9222.9K
21-Jan-26 07:56:04 - === Model ===
21-Jan-26 07:56:04 - VGGConvModel(
  (conv_block1): LocalLearningSignalGenerationLayer(
    (block): ConvBlock(
      (pool): Identity()
      (conv): Conv2dSTDP(2, 64, kernel_size=(3, 3), stride=(1, 1), padding=(1, 1), bias=False, threshold=0.60, leak=0.50, reset=soft, grad_leak=False, grad_threshold=False, factors=tensor([0.2000, 0.5000, 0.0000, 1.0000], device='cuda:0'))
      (dropout): DropoutLIF(
        Dropout(p=0.0, inplace=False)
        (dropout): Dropout(p=0.0, inplace=False)
      )
    )
  )
  (conv_block2): LocalLearningSignalGenerationLayer(
    (block): ConvBlock(
      (pool): MaxPool2d(kernel_size=2, stride=2, padding=0, dilation=1, ceil_mode=False)
      (conv): Conv2dSTDP(64, 128, kernel_size=(3, 3), stride=(1, 1), padding=(1, 1), bias=False, threshold=0.60, leak=0.50, reset=soft, grad_leak=False, grad_threshold=False, factors=tensor([0.2000, 0.5000, 0.0000, 1.0000], device='cuda:0'))
      (dropout): DropoutLIF(
        Dropout(p=0.0, inplace=False)
        (dropout): Dropout(p=0.0, inplace=False)
      )
    )
  )
  (conv_block3): LocalLearningSignalGenerationLayer(
    (block): ConvBlock(
      (pool): Identity()
      (conv): Conv2dSTDP(128, 256, kernel_size=(3, 3), stride=(1, 1), padding=(1, 1), bias=False, threshold=0.60, leak=0.50, reset=soft, grad_leak=False, grad_threshold=False, factors=tensor([0.2000, 0.5000, 0.0000, 1.0000], device='cuda:0'))
      (dropout): DropoutLIF(
        Dropout(p=0.0, inplace=False)
        (dropout): Dropout(p=0.0, inplace=False)
      )
    )
  )
  (conv_block4): LocalLearningSignalGenerationLayer(
    (block): ConvBlock(
      (pool): MaxPool2d(kernel_size=2, stride=2, padding=0, dilation=1, ceil_mode=False)
      (conv): Conv2dSTDP(256, 256, kernel_size=(3, 3), stride=(1, 1), padding=(1, 1), bias=False, threshold=0.60, leak=0.50, reset=soft, grad_leak=False, grad_threshold=False, factors=tensor([0.2000, 0.5000, 0.0000, 1.0000], device='cuda:0'))
      (dropout): DropoutLIF(
        Dropout(p=0.0, inplace=False)
        (dropout): Dropout(p=0.0, inplace=False)
      )
    )
  )
  (conv_block5): LocalLearningSignalGenerationLayer(
    (block): ConvBlock(
      (pool): Identity()
      (conv): Conv2dSTDP(256, 512, kernel_size=(3, 3), stride=(1, 1), padding=(1, 1), bias=False, threshold=0.60, leak=0.50, reset=soft, grad_leak=False, grad_threshold=False, factors=tensor([0.2000, 0.5000, 0.0000, 1.0000], device='cuda:0'))
      (dropout): DropoutLIF(
        Dropout(p=0.0, inplace=False)
        (dropout): Dropout(p=0.0, inplace=False)
      )
    )
  )
  (conv_block6): LocalLearningSignalGenerationLayer(
    (block): ConvBlock(
      (pool): MaxPool2d(kernel_size=2, stride=2, padding=0, dilation=1, ceil_mode=False)
      (conv): Conv2dSTDP(512, 512, kernel_size=(3, 3), stride=(1, 1), padding=(1, 1), bias=False, threshold=0.60, leak=0.50, reset=soft, grad_leak=False, grad_threshold=False, factors=tensor([0.2000, 0.5000, 0.0000, 1.0000], device='cuda:0'))
      (dropout): DropoutLIF(
        Dropout(p=0.0, inplace=False)
        (dropout): Dropout(p=0.0, inplace=False)
      )
    )
  )
  (conv_block7): LocalLearningSignalGenerationLayer(
    (block): ConvBlock(
      (pool): Identity()
      (conv): Conv2dSTDP(512, 512, kernel_size=(3, 3), stride=(1, 1), padding=(1, 1), bias=False, threshold=0.60, leak=0.50, reset=soft, grad_leak=False, grad_threshold=False, factors=tensor([0.2000, 0.5000, 0.0000, 1.0000], device='cuda:0'))
      (dropout): DropoutLIF(
        Dropout(p=0.0, inplace=False)
        (dropout): Dropout(p=0.0, inplace=False)
      )
    )
  )
  (conv_block8): LocalLearningSignalGenerationLayer(
    (block): ConvBlock(
      (pool): AdaptiveAvgPool2d(output_size=1)
      (conv): Conv2dSTDP(512, 512, kernel_size=(3, 3), stride=(1, 1), padding=(1, 1), bias=False, threshold=0.60, leak=0.50, reset=soft, grad_leak=False, grad_threshold=False, factors=tensor([0.2000, 0.5000, 0.0000, 1.0000], device='cuda:0'))
      (dropout): DropoutLIF(
        Dropout(p=0.0, inplace=False)
        (dropout): Dropout(p=0.0, inplace=False)
      )
    )
  )
  (linear): Linear(in_features=512, out_features=11, bias=True)
)
21-Jan-26 07:56:04 - 
=== Starting model training with 100 epochs:

21-Jan-26 07:56:04 - 	 Epoch 1...
21-Jan-26 07:56:22 - Epoch: [1][  99/1176]	Time  0.179 ( 0.183)	Data  0.000 ( 0.002)	Loss 2.1463e+01 (9.2987e+00)	Acc@1   0.00 ( 17.00)	Acc@5 100.00 ( 64.00)
21-Jan-26 07:56:40 - Epoch: [1][ 199/1176]	Time  0.173 ( 0.180)	Data  0.000 ( 0.001)	Loss 1.1675e+01 (8.3811e+00)	Acc@1   0.00 ( 18.50)	Acc@5 100.00 ( 62.50)
21-Jan-26 07:56:57 - Epoch: [1][ 299/1176]	Time  0.173 ( 0.179)	Data  0.000 ( 0.001)	Loss 2.2975e+00 (8.7515e+00)	Acc@1   0.00 ( 19.33)	Acc@5 100.00 ( 65.00)
21-Jan-26 07:57:15 - Epoch: [1][ 399/1176]	Time  0.173 ( 0.179)	Data  0.000 ( 0.001)	Loss 3.8126e+01 (8.9650e+00)	Acc@1   0.00 ( 21.75)	Acc@5   0.00 ( 68.75)
21-Jan-26 07:57:33 - Epoch: [1][ 499/1176]	Time  0.173 ( 0.178)	Data  0.000 ( 0.001)	Loss 3.3339e+01 (9.1232e+00)	Acc@1   0.00 ( 24.20)	Acc@5 100.00 ( 72.00)
21-Jan-26 07:57:50 - Epoch: [1][ 599/1176]	Time  0.173 ( 0.178)	Data  0.000 ( 0.001)	Loss 1.6292e-01 (9.0717e+00)	Acc@1 100.00 ( 26.83)	Acc@5 100.00 ( 73.83)
21-Jan-26 07:58:08 - Epoch: [1][ 699/1176]	Time  0.173 ( 0.177)	Data  0.001 ( 0.000)	Loss 2.8318e+00 (8.6641e+00)	Acc@1   0.00 ( 28.14)	Acc@5 100.00 ( 76.43)
21-Jan-26 07:58:25 - Epoch: [1][ 799/1176]	Time  0.173 ( 0.177)	Data  0.000 ( 0.000)	Loss 1.4132e+01 (8.4633e+00)	Acc@1   0.00 ( 30.38)	Acc@5 100.00 ( 78.00)
21-Jan-26 07:58:43 - Epoch: [1][ 899/1176]	Time  0.173 ( 0.177)	Data  0.000 ( 0.000)	Loss 3.2815e+00 (8.3166e+00)	Acc@1   0.00 ( 32.00)	Acc@5 100.00 ( 79.11)
21-Jan-26 07:59:00 - Epoch: [1][ 999/1176]	Time  0.174 ( 0.177)	Data  0.000 ( 0.000)	Loss 1.9093e-02 (8.1668e+00)	Acc@1 100.00 ( 33.40)	Acc@5 100.00 ( 80.40)
21-Jan-26 07:59:18 - Epoch: [1][1099/1176]	Time  0.182 ( 0.177)	Data  0.001 ( 0.000)	Loss 1.6908e+01 (7.9890e+00)	Acc@1   0.00 ( 34.18)	Acc@5   0.00 ( 81.64)
21-Jan-26 07:59:31 -  @Training * Acc@1 34.609 Acc@5 82.313 Loss 8.009
21-Jan-26 07:59:32 - One training epoch latency: 207.7s | Avg Power: 236.7W | Energy: 49152.4955J
21-Jan-26 07:59:46 -  @Testing * Acc@1 49.653 Acc@5 95.833 Loss 4.393
21-Jan-26 07:59:46 - Best acc at epoch 1: 49.65277862548828
21-Jan-26 07:59:46 - Last learning rate: [6.25e-05]
21-Jan-26 07:59:46 - 	 Epoch 2...
21-Jan-26 08:00:04 - Epoch: [2][  99/1176]	Time  0.180 ( 0.183)	Data  0.000 ( 0.002)	Loss 6.8989e+00 (6.0471e+00)	Acc@1   0.00 ( 44.00)	Acc@5 100.00 ( 95.00)
21-Jan-26 08:00:22 - Epoch: [2][ 199/1176]	Time  0.181 ( 0.182)	Data  0.000 ( 0.001)	Loss 6.3710e-01 (5.3421e+00)	Acc@1 100.00 ( 50.00)	Acc@5 100.00 ( 96.00)
21-Jan-26 08:00:40 - Epoch: [2][ 299/1176]	Time  0.178 ( 0.181)	Data  0.000 ( 0.001)	Loss 0.0000e+00 (5.5349e+00)	Acc@1 100.00 ( 49.00)	Acc@5 100.00 ( 95.33)
21-Jan-26 08:00:58 - Epoch: [2][ 399/1176]	Time  0.180 ( 0.181)	Data  0.000 ( 0.001)	Loss 1.5514e+01 (5.1696e+00)	Acc@1   0.00 ( 50.00)	Acc@5 100.00 ( 96.00)
21-Jan-26 08:01:16 - Epoch: [2][ 499/1176]	Time  0.175 ( 0.181)	Data  0.001 ( 0.001)	Loss 4.8871e+00 (5.2244e+00)	Acc@1   0.00 ( 50.60)	Acc@5 100.00 ( 96.60)
21-Jan-26 08:01:34 - Epoch: [2][ 599/1176]	Time  0.177 ( 0.180)	Data  0.000 ( 0.001)	Loss 4.6653e+00 (5.3488e+00)	Acc@1   0.00 ( 51.00)	Acc@5 100.00 ( 97.00)
21-Jan-26 08:01:52 - Epoch: [2][ 699/1176]	Time  0.177 ( 0.180)	Data  0.000 ( 0.000)	Loss 5.9605e-07 (5.5048e+00)	Acc@1 100.00 ( 52.00)	Acc@5 100.00 ( 96.86)
21-Jan-26 08:02:10 - Epoch: [2][ 799/1176]	Time  0.198 ( 0.180)	Data  0.011 ( 0.000)	Loss 0.0000e+00 (5.5594e+00)	Acc@1 100.00 ( 52.62)	Acc@5 100.00 ( 96.62)
21-Jan-26 08:02:28 - Epoch: [2][ 899/1176]	Time  0.186 ( 0.180)	Data  0.000 ( 0.000)	Loss 6.3181e-06 (5.7482e+00)	Acc@1 100.00 ( 52.67)	Acc@5 100.00 ( 96.44)
21-Jan-26 08:02:46 - Epoch: [2][ 999/1176]	Time  0.183 ( 0.180)	Data  0.000 ( 0.000)	Loss 1.7033e+00 (5.6469e+00)	Acc@1   0.00 ( 53.70)	Acc@5 100.00 ( 96.70)
21-Jan-26 08:03:04 - Epoch: [2][1099/1176]	Time  0.177 ( 0.180)	Data  0.000 ( 0.000)	Loss 1.0958e+01 (5.6757e+00)	Acc@1   0.00 ( 54.73)	Acc@5 100.00 ( 96.82)
21-Jan-26 08:03:18 -  @Training * Acc@1 54.507 Acc@5 96.769 Loss 5.724
21-Jan-26 08:03:18 - One training epoch latency: 211.5s | Avg Power: 241.0W | Energy: 50982.6193J
21-Jan-26 08:03:31 -  @Testing * Acc@1 53.472 Acc@5 96.875 Loss 7.667
21-Jan-26 08:03:31 - Best acc at epoch 2: 53.47222137451172
21-Jan-26 08:03:31 - Last learning rate: [6.25e-05]
21-Jan-26 08:03:31 - 	 Epoch 3...
21-Jan-26 08:03:50 - Epoch: [3][  99/1176]	Time  0.177 ( 0.183)	Data  0.000 ( 0.002)	Loss 1.5074e+01 (5.9958e+00)	Acc@1   0.00 ( 59.00)	Acc@5 100.00 ( 97.00)
21-Jan-26 08:04:08 - Epoch: [3][ 199/1176]	Time  0.177 ( 0.182)	Data  0.000 ( 0.001)	Loss 2.4688e+00 (4.9692e+00)	Acc@1   0.00 ( 61.50)	Acc@5 100.00 ( 98.00)
21-Jan-26 08:04:26 - Epoch: [3][ 299/1176]	Time  0.178 ( 0.182)	Data  0.000 ( 0.001)	Loss 7.6172e-05 (5.1197e+00)	Acc@1 100.00 ( 60.00)	Acc@5 100.00 ( 97.00)
21-Jan-26 08:04:44 - Epoch: [3][ 399/1176]	Time  0.179 ( 0.182)	Data  0.000 ( 0.001)	Loss 4.6720e-01 (4.8091e+00)	Acc@1 100.00 ( 62.25)	Acc@5 100.00 ( 97.50)
21-Jan-26 08:05:02 - Epoch: [3][ 499/1176]	Time  0.187 ( 0.181)	Data  0.000 ( 0.001)	Loss 2.8887e+01 (4.5272e+00)	Acc@1   0.00 ( 62.00)	Acc@5 100.00 ( 98.00)
21-Jan-26 08:05:20 - Epoch: [3][ 599/1176]	Time  0.190 ( 0.181)	Data  0.000 ( 0.001)	Loss 0.0000e+00 (4.3358e+00)	Acc@1 100.00 ( 63.50)	Acc@5 100.00 ( 98.17)
21-Jan-26 08:05:38 - Epoch: [3][ 699/1176]	Time  0.198 ( 0.181)	Data  0.000 ( 0.001)	Loss 0.0000e+00 (4.2831e+00)	Acc@1 100.00 ( 64.14)	Acc@5 100.00 ( 98.29)
21-Jan-26 08:05:56 - Epoch: [3][ 799/1176]	Time  0.197 ( 0.181)	Data  0.000 ( 0.001)	Loss 1.8654e+00 (4.4975e+00)	Acc@1   0.00 ( 63.38)	Acc@5 100.00 ( 98.25)
21-Jan-26 08:06:14 - Epoch: [3][ 899/1176]	Time  0.202 ( 0.181)	Data  0.011 ( 0.001)	Loss 5.9605e-07 (4.4461e+00)	Acc@1 100.00 ( 63.33)	Acc@5 100.00 ( 98.22)
21-Jan-26 08:06:32 - Epoch: [3][ 999/1176]	Time  0.177 ( 0.181)	Data  0.000 ( 0.001)	Loss 5.0038e-02 (4.3249e+00)	Acc@1 100.00 ( 63.50)	Acc@5 100.00 ( 98.30)
21-Jan-26 08:06:50 - Epoch: [3][1099/1176]	Time  0.183 ( 0.181)	Data  0.000 ( 0.000)	Loss 0.0000e+00 (4.4812e+00)	Acc@1 100.00 ( 63.55)	Acc@5 100.00 ( 98.18)
21-Jan-26 08:07:04 -  @Training * Acc@1 64.116 Acc@5 98.129 Loss 4.432
21-Jan-26 08:07:04 - One training epoch latency: 212.5s | Avg Power: 239.4W | Energy: 50865.6788J
21-Jan-26 08:07:18 -  @Testing * Acc@1 68.056 Acc@5 98.611 Loss 4.577
21-Jan-26 08:07:18 - Best acc at epoch 3: 68.05555725097656
21-Jan-26 08:07:18 - Last learning rate: [6.25e-05]
21-Jan-26 08:07:18 - 	 Epoch 4...
21-Jan-26 08:07:36 - Epoch: [4][  99/1176]	Time  0.180 ( 0.184)	Data  0.000 ( 0.002)	Loss 4.4563e+00 (3.3558e+00)	Acc@1   0.00 ( 67.00)	Acc@5 100.00 ( 99.00)
21-Jan-26 08:07:54 - Epoch: [4][ 199/1176]	Time  0.190 ( 0.182)	Data  0.000 ( 0.001)	Loss 0.0000e+00 (3.9439e+00)	Acc@1 100.00 ( 71.00)	Acc@5 100.00 ( 98.50)
21-Jan-26 08:08:12 - Epoch: [4][ 299/1176]	Time  0.181 ( 0.183)	Data  0.000 ( 0.001)	Loss 4.2548e+01 (3.9219e+00)	Acc@1   0.00 ( 68.67)	Acc@5 100.00 ( 98.67)
21-Jan-26 08:08:30 - Epoch: [4][ 399/1176]	Time  0.180 ( 0.182)	Data  0.000 ( 0.001)	Loss 0.0000e+00 (3.8081e+00)	Acc@1 100.00 ( 68.25)	Acc@5 100.00 ( 98.75)
21-Jan-26 08:08:48 - Epoch: [4][ 499/1176]	Time  0.181 ( 0.182)	Data  0.000 ( 0.001)	Loss 1.0510e+01 (3.9240e+00)	Acc@1   0.00 ( 69.00)	Acc@5 100.00 ( 98.60)
21-Jan-26 08:09:06 - Epoch: [4][ 599/1176]	Time  0.177 ( 0.181)	Data  0.000 ( 0.001)	Loss 0.0000e+00 (4.0049e+00)	Acc@1 100.00 ( 69.17)	Acc@5 100.00 ( 98.33)
21-Jan-26 08:09:24 - Epoch: [4][ 699/1176]	Time  0.177 ( 0.181)	Data  0.000 ( 0.001)	Loss 3.7659e-03 (3.7809e+00)	Acc@1 100.00 ( 69.71)	Acc@5 100.00 ( 98.57)
21-Jan-26 08:09:42 - Epoch: [4][ 799/1176]	Time  0.175 ( 0.181)	Data  0.000 ( 0.001)	Loss 1.0882e+01 (3.8650e+00)	Acc@1   0.00 ( 69.62)	Acc@5 100.00 ( 98.62)
21-Jan-26 08:10:00 - Epoch: [4][ 899/1176]	Time  0.177 ( 0.181)	Data  0.000 ( 0.001)	Loss 1.0847e+01 (3.9692e+00)	Acc@1   0.00 ( 69.22)	Acc@5 100.00 ( 98.56)
21-Jan-26 08:10:18 - Epoch: [4][ 999/1176]	Time  0.178 ( 0.181)	Data  0.000 ( 0.000)	Loss 5.2452e-06 (3.9937e+00)	Acc@1 100.00 ( 69.10)	Acc@5 100.00 ( 98.70)
21-Jan-26 08:10:36 - Epoch: [4][1099/1176]	Time  0.176 ( 0.181)	Data  0.000 ( 0.000)	Loss 1.4134e+00 (4.0312e+00)	Acc@1   0.00 ( 68.82)	Acc@5 100.00 ( 98.82)
21-Jan-26 08:10:50 -  @Training * Acc@1 68.878 Acc@5 98.895 Loss 3.953
21-Jan-26 08:10:50 - One training epoch latency: 212.5s | Avg Power: 239.1W | Energy: 50792.8487J
21-Jan-26 08:11:04 -  @Testing * Acc@1 72.222 Acc@5 99.306 Loss 4.475
21-Jan-26 08:11:04 - Best acc at epoch 4: 72.22222137451172
21-Jan-26 08:11:04 - Last learning rate: [6.25e-05]
21-Jan-26 08:11:04 - 	 Epoch 5...
21-Jan-26 08:11:22 - Epoch: [5][  99/1176]	Time  0.179 ( 0.183)	Data  0.000 ( 0.003)	Loss 9.5187e+00 (3.4282e+00)	Acc@1   0.00 ( 68.00)	Acc@5 100.00 (100.00)
21-Jan-26 08:11:40 - Epoch: [5][ 199/1176]	Time  0.178 ( 0.182)	Data  0.000 ( 0.001)	Loss 1.3350e+01 (3.0355e+00)	Acc@1   0.00 ( 72.00)	Acc@5 100.00 ( 99.50)
21-Jan-26 08:11:58 - Epoch: [5][ 299/1176]	Time  0.177 ( 0.181)	Data  0.000 ( 0.001)	Loss 1.5410e+01 (3.3030e+00)	Acc@1   0.00 ( 74.00)	Acc@5 100.00 ( 98.67)
21-Jan-26 08:12:16 - Epoch: [5][ 399/1176]	Time  0.177 ( 0.181)	Data  0.000 ( 0.001)	Loss 1.8091e+01 (3.1678e+00)	Acc@1   0.00 ( 73.00)	Acc@5 100.00 ( 99.00)
21-Jan-26 08:12:34 - Epoch: [5][ 499/1176]	Time  0.175 ( 0.181)	Data  0.000 ( 0.001)	Loss 3.5763e-07 (3.1782e+00)	Acc@1 100.00 ( 73.00)	Acc@5 100.00 ( 99.20)
21-Jan-26 08:12:52 - Epoch: [5][ 599/1176]	Time  0.177 ( 0.181)	Data  0.000 ( 0.001)	Loss 0.0000e+00 (3.1525e+00)	Acc@1 100.00 ( 73.00)	Acc@5 100.00 ( 99.17)
21-Jan-26 08:13:11 - Epoch: [5][ 699/1176]	Time  0.180 ( 0.181)	Data  0.000 ( 0.001)	Loss 0.0000e+00 (3.1595e+00)	Acc@1 100.00 ( 72.86)	Acc@5 100.00 ( 99.00)
21-Jan-26 08:13:29 - Epoch: [5][ 799/1176]	Time  0.181 ( 0.181)	Data  0.000 ( 0.001)	Loss 1.7808e-04 (3.2267e+00)	Acc@1 100.00 ( 73.00)	Acc@5 100.00 ( 99.12)
21-Jan-26 08:13:47 - Epoch: [5][ 899/1176]	Time  0.178 ( 0.181)	Data  0.000 ( 0.001)	Loss 1.1959e+00 (3.0939e+00)	Acc@1   0.00 ( 73.11)	Acc@5 100.00 ( 99.22)
21-Jan-26 08:14:05 - Epoch: [5][ 999/1176]	Time  0.182 ( 0.181)	Data  0.000 ( 0.001)	Loss 0.0000e+00 (3.0981e+00)	Acc@1 100.00 ( 73.60)	Acc@5 100.00 ( 99.20)
21-Jan-26 08:14:23 - Epoch: [5][1099/1176]	Time  0.177 ( 0.181)	Data  0.000 ( 0.000)	Loss 3.8326e+00 (3.2727e+00)	Acc@1   0.00 ( 73.09)	Acc@5 100.00 ( 99.18)
21-Jan-26 08:14:36 -  @Training * Acc@1 72.959 Acc@5 99.150 Loss 3.389
21-Jan-26 08:14:36 - One training epoch latency: 212.5s | Avg Power: 240.4W | Energy: 51092.4713J
21-Jan-26 08:14:50 -  @Testing * Acc@1 59.375 Acc@5 98.958 Loss 7.973
21-Jan-26 08:14:50 - Best acc at epoch 5: 72.22222137451172
21-Jan-26 08:14:50 - Last learning rate: [6.25e-05]
21-Jan-26 08:14:50 - 	 Epoch 6...
21-Jan-26 08:15:09 - Epoch: [6][  99/1176]	Time  0.177 ( 0.184)	Data  0.000 ( 0.002)	Loss 5.9605e-07 (3.5399e+00)	Acc@1 100.00 ( 70.00)	Acc@5 100.00 ( 99.00)
21-Jan-26 08:15:27 - Epoch: [6][ 199/1176]	Time  0.177 ( 0.183)	Data  0.000 ( 0.001)	Loss 4.6469e-04 (3.5328e+00)	Acc@1 100.00 ( 70.00)	Acc@5 100.00 ( 99.50)
21-Jan-26 08:15:45 - Epoch: [6][ 299/1176]	Time  0.180 ( 0.182)	Data  0.000 ( 0.001)	Loss 6.9074e+00 (3.3900e+00)	Acc@1   0.00 ( 72.33)	Acc@5 100.00 ( 99.33)
21-Jan-26 08:16:03 - Epoch: [6][ 399/1176]	Time  0.177 ( 0.182)	Data  0.000 ( 0.001)	Loss 0.0000e+00 (2.9664e+00)	Acc@1 100.00 ( 75.00)	Acc@5 100.00 ( 99.50)
21-Jan-26 08:16:21 - Epoch: [6][ 499/1176]	Time  0.180 ( 0.181)	Data  0.000 ( 0.001)	Loss 7.0333e-04 (3.1877e+00)	Acc@1 100.00 ( 74.40)	Acc@5 100.00 ( 99.40)
21-Jan-26 08:16:39 - Epoch: [6][ 599/1176]	Time  0.176 ( 0.181)	Data  0.000 ( 0.001)	Loss 0.0000e+00 (3.2193e+00)	Acc@1 100.00 ( 74.00)	Acc@5 100.00 ( 99.50)
21-Jan-26 08:16:57 - Epoch: [6][ 699/1176]	Time  0.175 ( 0.181)	Data  0.000 ( 0.001)	Loss 0.0000e+00 (3.0802e+00)	Acc@1 100.00 ( 74.29)	Acc@5 100.00 ( 99.57)
21-Jan-26 08:17:15 - Epoch: [6][ 799/1176]	Time  0.178 ( 0.181)	Data  0.000 ( 0.001)	Loss 3.8114e-03 (3.0959e+00)	Acc@1 100.00 ( 74.12)	Acc@5 100.00 ( 99.62)
21-Jan-26 08:17:33 - Epoch: [6][ 899/1176]	Time  0.175 ( 0.181)	Data  0.001 ( 0.001)	Loss 1.2886e+01 (3.0079e+00)	Acc@1   0.00 ( 74.67)	Acc@5 100.00 ( 99.67)
21-Jan-26 08:17:51 - Epoch: [6][ 999/1176]	Time  0.178 ( 0.180)	Data  0.000 ( 0.000)	Loss 0.0000e+00 (3.0245e+00)	Acc@1 100.00 ( 74.90)	Acc@5 100.00 ( 99.70)
21-Jan-26 08:18:09 - Epoch: [6][1099/1176]	Time  0.177 ( 0.180)	Data  0.000 ( 0.000)	Loss 0.0000e+00 (3.0726e+00)	Acc@1 100.00 ( 75.00)	Acc@5 100.00 ( 99.73)
21-Jan-26 08:18:22 -  @Training * Acc@1 75.425 Acc@5 99.745 Loss 2.997
21-Jan-26 08:18:22 - One training epoch latency: 212.1s | Avg Power: 240.8W | Energy: 51072.8586J
21-Jan-26 08:18:36 -  @Testing * Acc@1 74.653 Acc@5 98.958 Loss 5.353
21-Jan-26 08:18:36 - Best acc at epoch 6: 74.65277862548828
21-Jan-26 08:18:36 - Last learning rate: [6.25e-05]
21-Jan-26 08:18:36 - 	 Epoch 7...
21-Jan-26 08:18:54 - Epoch: [7][  99/1176]	Time  0.177 ( 0.182)	Data  0.000 ( 0.002)	Loss 7.6973e+00 (2.6339e+00)	Acc@1   0.00 ( 78.00)	Acc@5 100.00 ( 99.00)
21-Jan-26 08:19:12 - Epoch: [7][ 199/1176]	Time  0.180 ( 0.181)	Data  0.000 ( 0.001)	Loss 0.0000e+00 (2.5431e+00)	Acc@1 100.00 ( 74.50)	Acc@5 100.00 ( 99.50)
21-Jan-26 08:19:30 - Epoch: [7][ 299/1176]	Time  0.177 ( 0.181)	Data  0.000 ( 0.001)	Loss 0.0000e+00 (2.4942e+00)	Acc@1 100.00 ( 74.33)	Acc@5 100.00 ( 99.67)
21-Jan-26 08:19:48 - Epoch: [7][ 399/1176]	Time  0.177 ( 0.181)	Data  0.000 ( 0.001)	Loss 6.5579e-04 (2.5083e+00)	Acc@1 100.00 ( 76.25)	Acc@5 100.00 ( 99.50)
21-Jan-26 08:20:06 - Epoch: [7][ 499/1176]	Time  0.181 ( 0.181)	Data  0.000 ( 0.001)	Loss 0.0000e+00 (2.6571e+00)	Acc@1 100.00 ( 77.00)	Acc@5 100.00 ( 99.40)
21-Jan-26 08:20:24 - Epoch: [7][ 599/1176]	Time  0.178 ( 0.181)	Data  0.000 ( 0.001)	Loss 0.0000e+00 (2.5987e+00)	Acc@1 100.00 ( 77.67)	Acc@5 100.00 ( 99.50)
21-Jan-26 08:20:42 - Epoch: [7][ 699/1176]	Time  0.178 ( 0.180)	Data  0.000 ( 0.001)	Loss 1.0837e+00 (2.6129e+00)	Acc@1   0.00 ( 77.57)	Acc@5 100.00 ( 99.57)
21-Jan-26 08:21:00 - Epoch: [7][ 799/1176]	Time  0.180 ( 0.181)	Data  0.000 ( 0.000)	Loss 0.0000e+00 (2.4952e+00)	Acc@1 100.00 ( 78.12)	Acc@5 100.00 ( 99.62)
21-Jan-26 08:21:18 - Epoch: [7][ 899/1176]	Time  0.174 ( 0.180)	Data  0.000 ( 0.000)	Loss 9.9415e+00 (2.4938e+00)	Acc@1   0.00 ( 78.11)	Acc@5 100.00 ( 99.67)
21-Jan-26 08:21:36 - Epoch: [7][ 999/1176]	Time  0.177 ( 0.180)	Data  0.000 ( 0.000)	Loss 1.7881e-06 (2.3929e+00)	Acc@1 100.00 ( 78.50)	Acc@5 100.00 ( 99.70)
21-Jan-26 08:21:54 - Epoch: [7][1099/1176]	Time  0.178 ( 0.180)	Data  0.000 ( 0.000)	Loss 0.0000e+00 (2.4687e+00)	Acc@1 100.00 ( 78.27)	Acc@5 100.00 ( 99.73)
21-Jan-26 08:22:08 -  @Training * Acc@1 78.316 Acc@5 99.745 Loss 2.448
21-Jan-26 08:22:08 - One training epoch latency: 211.9s | Avg Power: 239.7W | Energy: 50785.1080J
21-Jan-26 08:22:22 -  @Testing * Acc@1 73.958 Acc@5 99.306 Loss 3.434
21-Jan-26 08:22:22 - Best acc at epoch 7: 74.65277862548828
21-Jan-26 08:22:22 - Last learning rate: [6.25e-05]
21-Jan-26 08:22:22 - 	 Epoch 8...
21-Jan-26 08:22:40 - Epoch: [8][  99/1176]	Time  0.178 ( 0.182)	Data  0.000 ( 0.002)	Loss 3.5763e-07 (2.2518e+00)	Acc@1 100.00 ( 78.00)	Acc@5 100.00 (100.00)
21-Jan-26 08:22:58 - Epoch: [8][ 199/1176]	Time  0.178 ( 0.181)	Data  0.000 ( 0.001)	Loss 4.9239e+00 (2.1411e+00)	Acc@1   0.00 ( 77.50)	Acc@5 100.00 (100.00)
21-Jan-26 08:23:16 - Epoch: [8][ 299/1176]	Time  0.180 ( 0.181)	Data  0.000 ( 0.001)	Loss 1.6396e+01 (2.3756e+00)	Acc@1   0.00 ( 76.00)	Acc@5 100.00 ( 99.67)
21-Jan-26 08:23:34 - Epoch: [8][ 399/1176]	Time  0.178 ( 0.181)	Data  0.000 ( 0.001)	Loss 1.9505e+01 (2.3989e+00)	Acc@1   0.00 ( 76.50)	Acc@5 100.00 ( 99.75)
21-Jan-26 08:23:52 - Epoch: [8][ 499/1176]	Time  0.177 ( 0.180)	Data  0.000 ( 0.001)	Loss 0.0000e+00 (2.4572e+00)	Acc@1 100.00 ( 77.20)	Acc@5 100.00 ( 99.60)
21-Jan-26 08:24:10 - Epoch: [8][ 599/1176]	Time  0.177 ( 0.180)	Data  0.000 ( 0.001)	Loss 0.0000e+00 (2.1984e+00)	Acc@1 100.00 ( 79.00)	Acc@5 100.00 ( 99.67)
21-Jan-26 08:24:28 - Epoch: [8][ 699/1176]	Time  0.177 ( 0.180)	Data  0.000 ( 0.001)	Loss 0.0000e+00 (2.1198e+00)	Acc@1 100.00 ( 79.86)	Acc@5 100.00 ( 99.43)
21-Jan-26 08:24:46 - Epoch: [8][ 799/1176]	Time  0.177 ( 0.180)	Data  0.000 ( 0.000)	Loss 8.4556e-01 (2.1510e+00)	Acc@1   0.00 ( 80.00)	Acc@5 100.00 ( 99.50)
21-Jan-26 08:25:04 - Epoch: [8][ 899/1176]	Time  0.177 ( 0.180)	Data  0.000 ( 0.000)	Loss 0.0000e+00 (2.1224e+00)	Acc@1 100.00 ( 80.22)	Acc@5 100.00 ( 99.56)
21-Jan-26 08:25:22 - Epoch: [8][ 999/1176]	Time  0.174 ( 0.180)	Data  0.000 ( 0.000)	Loss 4.3144e-04 (2.3457e+00)	Acc@1 100.00 ( 79.40)	Acc@5 100.00 ( 99.60)
21-Jan-26 08:25:40 - Epoch: [8][1099/1176]	Time  0.180 ( 0.180)	Data  0.000 ( 0.000)	Loss 1.4972e-04 (2.2627e+00)	Acc@1 100.00 ( 79.91)	Acc@5 100.00 ( 99.64)
21-Jan-26 08:25:53 -  @Training * Acc@1 79.762 Acc@5 99.660 Loss 2.230
21-Jan-26 08:25:53 - One training epoch latency: 211.5s | Avg Power: 241.0W | Energy: 50969.7397J
21-Jan-26 08:26:07 -  @Testing * Acc@1 81.597 Acc@5 99.306 Loss 3.328
21-Jan-26 08:26:07 - Best acc at epoch 8: 81.59722137451172
21-Jan-26 08:26:07 - Last learning rate: [6.25e-05]
21-Jan-26 08:26:07 - 	 Epoch 9...
21-Jan-26 08:26:25 - Epoch: [9][  99/1176]	Time  0.177 ( 0.182)	Data  0.000 ( 0.002)	Loss 2.4794e+01 (1.0230e+00)	Acc@1   0.00 ( 90.00)	Acc@5 100.00 (100.00)
21-Jan-26 08:26:43 - Epoch: [9][ 199/1176]	Time  0.177 ( 0.181)	Data  0.000 ( 0.001)	Loss 0.0000e+00 (1.3467e+00)	Acc@1 100.00 ( 89.50)	Acc@5 100.00 (100.00)
21-Jan-26 08:27:01 - Epoch: [9][ 299/1176]	Time  0.176 ( 0.181)	Data  0.000 ( 0.001)	Loss 1.0391e+01 (1.5107e+00)	Acc@1   0.00 ( 87.00)	Acc@5 100.00 (100.00)
21-Jan-26 08:27:19 - Epoch: [9][ 399/1176]	Time  0.196 ( 0.180)	Data  0.011 ( 0.001)	Loss 3.8742e-05 (1.5863e+00)	Acc@1 100.00 ( 87.00)	Acc@5 100.00 ( 99.75)
21-Jan-26 08:27:37 - Epoch: [9][ 499/1176]	Time  0.193 ( 0.180)	Data  0.000 ( 0.000)	Loss 0.0000e+00 (1.9080e+00)	Acc@1 100.00 ( 85.00)	Acc@5 100.00 ( 99.80)
21-Jan-26 08:27:55 - Epoch: [9][ 599/1176]	Time  0.189 ( 0.180)	Data  0.000 ( 0.000)	Loss 1.0825e-01 (1.9612e+00)	Acc@1 100.00 ( 84.17)	Acc@5 100.00 ( 99.83)
21-Jan-26 08:28:13 - Epoch: [9][ 699/1176]	Time  0.181 ( 0.180)	Data  0.000 ( 0.000)	Loss 2.1515e-04 (2.0092e+00)	Acc@1 100.00 ( 84.00)	Acc@5 100.00 ( 99.86)
21-Jan-26 08:28:31 - Epoch: [9][ 799/1176]	Time  0.177 ( 0.180)	Data  0.000 ( 0.000)	Loss 0.0000e+00 (2.0240e+00)	Acc@1 100.00 ( 84.00)	Acc@5 100.00 ( 99.88)
21-Jan-26 08:28:49 - Epoch: [9][ 899/1176]	Time  0.180 ( 0.180)	Data  0.000 ( 0.000)	Loss 2.3842e-07 (2.0793e+00)	Acc@1 100.00 ( 83.78)	Acc@5 100.00 ( 99.89)
21-Jan-26 08:29:07 - Epoch: [9][ 999/1176]	Time  0.177 ( 0.180)	Data  0.000 ( 0.000)	Loss 0.0000e+00 (2.0795e+00)	Acc@1 100.00 ( 83.90)	Acc@5 100.00 ( 99.80)
21-Jan-26 08:29:25 - Epoch: [9][1099/1176]	Time  0.177 ( 0.180)	Data  0.000 ( 0.000)	Loss 0.0000e+00 (2.1121e+00)	Acc@1 100.00 ( 83.91)	Acc@5 100.00 ( 99.82)
21-Jan-26 08:29:38 -  @Training * Acc@1 83.758 Acc@5 99.830 Loss 2.098
21-Jan-26 08:29:38 - One training epoch latency: 211.2s | Avg Power: 241.7W | Energy: 51056.7597J
21-Jan-26 08:29:52 -  @Testing * Acc@1 76.389 Acc@5 99.306 Loss 3.628
21-Jan-26 08:29:52 - Best acc at epoch 9: 81.59722137451172
21-Jan-26 08:29:52 - Last learning rate: [6.25e-05]
21-Jan-26 08:29:52 - 	 Epoch 10...
21-Jan-26 08:30:10 - Epoch: [10][  99/1176]	Time  0.177 ( 0.183)	Data  0.000 ( 0.002)	Loss 7.5461e+00 (1.6040e+00)	Acc@1   0.00 ( 88.00)	Acc@5 100.00 (100.00)
21-Jan-26 08:30:28 - Epoch: [10][ 199/1176]	Time  0.177 ( 0.181)	Data  0.000 ( 0.001)	Loss 9.5367e-07 (1.3047e+00)	Acc@1 100.00 ( 88.50)	Acc@5 100.00 (100.00)
21-Jan-26 08:30:46 - Epoch: [10][ 299/1176]	Time  0.177 ( 0.181)	Data  0.000 ( 0.001)	Loss 4.3919e-04 (1.4268e+00)	Acc@1 100.00 ( 88.33)	Acc@5 100.00 (100.00)
21-Jan-26 08:31:04 - Epoch: [10][ 399/1176]	Time  0.177 ( 0.181)	Data  0.000 ( 0.001)	Loss 1.9073e-06 (1.3232e+00)	Acc@1 100.00 ( 87.75)	Acc@5 100.00 (100.00)
21-Jan-26 08:31:22 - Epoch: [10][ 499/1176]	Time  0.178 ( 0.180)	Data  0.000 ( 0.001)	Loss 0.0000e+00 (1.3634e+00)	Acc@1 100.00 ( 87.40)	Acc@5 100.00 (100.00)
21-Jan-26 08:31:40 - Epoch: [10][ 599/1176]	Time  0.177 ( 0.180)	Data  0.000 ( 0.001)	Loss 0.0000e+00 (1.5077e+00)	Acc@1 100.00 ( 87.17)	Acc@5 100.00 (100.00)
21-Jan-26 08:31:58 - Epoch: [10][ 699/1176]	Time  0.185 ( 0.180)	Data  0.000 ( 0.001)	Loss 0.0000e+00 (1.7004e+00)	Acc@1 100.00 ( 86.29)	Acc@5 100.00 ( 99.86)
21-Jan-26 08:32:16 - Epoch: [10][ 799/1176]	Time  0.196 ( 0.180)	Data  0.000 ( 0.000)	Loss 0.0000e+00 (1.7329e+00)	Acc@1 100.00 ( 85.88)	Acc@5 100.00 ( 99.75)
21-Jan-26 08:32:34 - Epoch: [10][ 899/1176]	Time  0.178 ( 0.180)	Data  0.000 ( 0.000)	Loss 0.0000e+00 (1.7545e+00)	Acc@1 100.00 ( 85.44)	Acc@5 100.00 ( 99.78)
21-Jan-26 08:32:52 - Epoch: [10][ 999/1176]	Time  0.198 ( 0.180)	Data  0.000 ( 0.000)	Loss 1.1921e-07 (1.7617e+00)	Acc@1 100.00 ( 85.10)	Acc@5 100.00 ( 99.80)
21-Jan-26 08:33:10 - Epoch: [10][1099/1176]	Time  0.185 ( 0.180)	Data  0.000 ( 0.000)	Loss 1.3477e+01 (1.7664e+00)	Acc@1   0.00 ( 85.09)	Acc@5 100.00 ( 99.82)
21-Jan-26 08:33:24 -  @Training * Acc@1 84.439 Acc@5 99.830 Loss 1.834
21-Jan-26 08:33:24 - One training epoch latency: 211.7s | Avg Power: 240.1W | Energy: 50808.9259J
21-Jan-26 08:33:37 -  @Testing * Acc@1 80.556 Acc@5 99.306 Loss 3.130
21-Jan-26 08:33:37 - Best acc at epoch 10: 81.59722137451172
21-Jan-26 08:33:37 - Last learning rate: [6.25e-05]
21-Jan-26 08:33:37 - 	 Epoch 11...
21-Jan-26 08:33:56 - Epoch: [11][  99/1176]	Time  0.178 ( 0.182)	Data  0.000 ( 0.002)	Loss 1.1921e-07 (1.2236e+00)	Acc@1 100.00 ( 82.00)	Acc@5 100.00 (100.00)
21-Jan-26 08:34:14 - Epoch: [11][ 199/1176]	Time  0.177 ( 0.181)	Data  0.000 ( 0.001)	Loss 0.0000e+00 (1.2951e+00)	Acc@1 100.00 ( 81.00)	Acc@5 100.00 (100.00)
21-Jan-26 08:34:32 - Epoch: [11][ 299/1176]	Time  0.180 ( 0.181)	Data  0.000 ( 0.001)	Loss 3.4571e-06 (1.3208e+00)	Acc@1 100.00 ( 81.33)	Acc@5 100.00 (100.00)
21-Jan-26 08:34:50 - Epoch: [11][ 399/1176]	Time  0.177 ( 0.180)	Data  0.000 ( 0.001)	Loss 3.7196e-03 (1.3599e+00)	Acc@1 100.00 ( 82.25)	Acc@5 100.00 (100.00)
21-Jan-26 08:35:08 - Epoch: [11][ 499/1176]	Time  0.180 ( 0.180)	Data  0.000 ( 0.001)	Loss 0.0000e+00 (1.2894e+00)	Acc@1 100.00 ( 84.40)	Acc@5 100.00 (100.00)
21-Jan-26 08:35:25 - Epoch: [11][ 599/1176]	Time  0.180 ( 0.180)	Data  0.000 ( 0.001)	Loss 0.0000e+00 (1.2385e+00)	Acc@1 100.00 ( 85.17)	Acc@5 100.00 (100.00)
21-Jan-26 08:35:43 - Epoch: [11][ 699/1176]	Time  0.180 ( 0.180)	Data  0.000 ( 0.000)	Loss 1.7218e-01 (1.3378e+00)	Acc@1 100.00 ( 85.00)	Acc@5 100.00 (100.00)
21-Jan-26 08:36:01 - Epoch: [11][ 799/1176]	Time  0.180 ( 0.180)	Data  0.000 ( 0.000)	Loss 0.0000e+00 (1.4070e+00)	Acc@1 100.00 ( 84.50)	Acc@5 100.00 (100.00)
21-Jan-26 08:36:19 - Epoch: [11][ 899/1176]	Time  0.180 ( 0.180)	Data  0.000 ( 0.000)	Loss 0.0000e+00 (1.4945e+00)	Acc@1 100.00 ( 84.44)	Acc@5 100.00 (100.00)
21-Jan-26 08:36:37 - Epoch: [11][ 999/1176]	Time  0.178 ( 0.180)	Data  0.000 ( 0.000)	Loss 0.0000e+00 (1.5292e+00)	Acc@1 100.00 ( 84.90)	Acc@5 100.00 (100.00)
21-Jan-26 08:36:55 - Epoch: [11][1099/1176]	Time  0.187 ( 0.180)	Data  0.000 ( 0.000)	Loss 0.0000e+00 (1.5407e+00)	Acc@1 100.00 ( 85.00)	Acc@5 100.00 (100.00)
21-Jan-26 08:37:09 -  @Training * Acc@1 85.119 Acc@5 100.000 Loss 1.539
21-Jan-26 08:37:09 - One training epoch latency: 211.4s | Avg Power: 240.9W | Energy: 50928.0147J
21-Jan-26 08:37:22 -  @Testing * Acc@1 82.292 Acc@5 99.306 Loss 3.106
21-Jan-26 08:37:22 - Best acc at epoch 11: 82.29166412353516
21-Jan-26 08:37:23 - Last learning rate: [6.25e-05]
21-Jan-26 08:37:23 - 	 Epoch 12...
21-Jan-26 08:37:41 - Epoch: [12][  99/1176]	Time  0.180 ( 0.182)	Data  0.000 ( 0.002)	Loss 0.0000e+00 (1.5713e+00)	Acc@1 100.00 ( 89.00)	Acc@5 100.00 (100.00)
21-Jan-26 08:37:59 - Epoch: [12][ 199/1176]	Time  0.181 ( 0.181)	Data  0.000 ( 0.001)	Loss 0.0000e+00 (1.2257e+00)	Acc@1 100.00 ( 90.50)	Acc@5 100.00 (100.00)
21-Jan-26 08:38:17 - Epoch: [12][ 299/1176]	Time  0.179 ( 0.180)	Data  0.000 ( 0.001)	Loss 0.0000e+00 (1.3065e+00)	Acc@1 100.00 ( 88.00)	Acc@5 100.00 (100.00)
21-Jan-26 08:38:35 - Epoch: [12][ 399/1176]	Time  0.177 ( 0.180)	Data  0.000 ( 0.001)	Loss 0.0000e+00 (1.4480e+00)	Acc@1 100.00 ( 86.50)	Acc@5 100.00 (100.00)
21-Jan-26 08:38:53 - Epoch: [12][ 499/1176]	Time  0.176 ( 0.180)	Data  0.000 ( 0.001)	Loss 0.0000e+00 (1.5845e+00)	Acc@1 100.00 ( 85.20)	Acc@5 100.00 ( 99.80)
21-Jan-26 08:39:11 - Epoch: [12][ 599/1176]	Time  0.177 ( 0.180)	Data  0.000 ( 0.001)	Loss 0.0000e+00 (1.5749e+00)	Acc@1 100.00 ( 85.33)	Acc@5 100.00 ( 99.83)
21-Jan-26 08:39:29 - Epoch: [12][ 699/1176]	Time  0.176 ( 0.180)	Data  0.000 ( 0.001)	Loss 0.0000e+00 (1.5222e+00)	Acc@1 100.00 ( 86.00)	Acc@5 100.00 ( 99.86)
21-Jan-26 08:39:46 - Epoch: [12][ 799/1176]	Time  0.177 ( 0.180)	Data  0.000 ( 0.000)	Loss 0.0000e+00 (1.4903e+00)	Acc@1 100.00 ( 86.12)	Acc@5 100.00 ( 99.88)
21-Jan-26 08:40:04 - Epoch: [12][ 899/1176]	Time  0.177 ( 0.180)	Data  0.000 ( 0.000)	Loss 0.0000e+00 (1.5389e+00)	Acc@1 100.00 ( 86.00)	Acc@5 100.00 ( 99.89)
21-Jan-26 08:40:22 - Epoch: [12][ 999/1176]	Time  0.174 ( 0.180)	Data  0.000 ( 0.000)	Loss 0.0000e+00 (1.5567e+00)	Acc@1 100.00 ( 86.40)	Acc@5 100.00 ( 99.90)
21-Jan-26 08:40:40 - Epoch: [12][1099/1176]	Time  0.178 ( 0.180)	Data  0.000 ( 0.000)	Loss 0.0000e+00 (1.5656e+00)	Acc@1 100.00 ( 86.18)	Acc@5 100.00 ( 99.91)
21-Jan-26 08:40:54 -  @Training * Acc@1 86.395 Acc@5 99.915 Loss 1.507
21-Jan-26 08:40:54 - One training epoch latency: 211.2s | Avg Power: 242.3W | Energy: 51174.8016J
21-Jan-26 08:41:07 -  @Testing * Acc@1 84.722 Acc@5 99.306 Loss 2.930
21-Jan-26 08:41:07 - Best acc at epoch 12: 84.72222137451172
21-Jan-26 08:41:08 - Last learning rate: [6.25e-05]
21-Jan-26 08:41:08 - 	 Epoch 13...
21-Jan-26 08:41:26 - Epoch: [13][  99/1176]	Time  0.180 ( 0.182)	Data  0.000 ( 0.002)	Loss 0.0000e+00 (1.1654e+00)	Acc@1 100.00 ( 90.00)	Acc@5 100.00 (100.00)
21-Jan-26 08:41:44 - Epoch: [13][ 199/1176]	Time  0.179 ( 0.181)	Data  0.000 ( 0.001)	Loss 4.2337e+00 (1.3267e+00)	Acc@1   0.00 ( 88.50)	Acc@5 100.00 (100.00)
21-Jan-26 08:42:02 - Epoch: [13][ 299/1176]	Time  0.177 ( 0.180)	Data  0.000 ( 0.001)	Loss 0.0000e+00 (1.0940e+00)	Acc@1 100.00 ( 89.33)	Acc@5 100.00 (100.00)
21-Jan-26 08:42:20 - Epoch: [13][ 399/1176]	Time  0.176 ( 0.180)	Data  0.000 ( 0.001)	Loss 0.0000e+00 (1.0001e+00)	Acc@1 100.00 ( 89.50)	Acc@5 100.00 (100.00)
21-Jan-26 08:42:37 - Epoch: [13][ 499/1176]	Time  0.174 ( 0.180)	Data  0.000 ( 0.001)	Loss 0.0000e+00 (1.1041e+00)	Acc@1 100.00 ( 89.00)	Acc@5 100.00 (100.00)
21-Jan-26 08:42:55 - Epoch: [13][ 599/1176]	Time  0.177 ( 0.180)	Data  0.000 ( 0.001)	Loss 0.0000e+00 (1.2819e+00)	Acc@1 100.00 ( 88.50)	Acc@5 100.00 (100.00)
21-Jan-26 08:43:13 - Epoch: [13][ 699/1176]	Time  0.174 ( 0.180)	Data  0.000 ( 0.001)	Loss 0.0000e+00 (1.3304e+00)	Acc@1 100.00 ( 88.57)	Acc@5 100.00 (100.00)
21-Jan-26 08:43:31 - Epoch: [13][ 799/1176]	Time  0.177 ( 0.180)	Data  0.000 ( 0.000)	Loss 0.0000e+00 (1.4139e+00)	Acc@1 100.00 ( 88.38)	Acc@5 100.00 (100.00)
21-Jan-26 08:43:49 - Epoch: [13][ 899/1176]	Time  0.180 ( 0.180)	Data  0.000 ( 0.000)	Loss 6.2385e+00 (1.4181e+00)	Acc@1   0.00 ( 88.00)	Acc@5 100.00 (100.00)
21-Jan-26 08:44:07 - Epoch: [13][ 999/1176]	Time  0.177 ( 0.179)	Data  0.000 ( 0.000)	Loss 0.0000e+00 (1.5096e+00)	Acc@1 100.00 ( 87.90)	Acc@5 100.00 (100.00)
21-Jan-26 08:44:25 - Epoch: [13][1099/1176]	Time  0.174 ( 0.179)	Data  0.000 ( 0.000)	Loss 0.0000e+00 (1.5339e+00)	Acc@1 100.00 ( 87.91)	Acc@5 100.00 (100.00)
21-Jan-26 08:44:39 -  @Training * Acc@1 88.095 Acc@5 100.000 Loss 1.486
21-Jan-26 08:44:39 - One training epoch latency: 211.0s | Avg Power: 241.2W | Energy: 50896.9958J
21-Jan-26 08:44:52 -  @Testing * Acc@1 82.986 Acc@5 99.306 Loss 3.448
21-Jan-26 08:44:52 - Best acc at epoch 13: 84.72222137451172
21-Jan-26 08:44:52 - Last learning rate: [6.25e-05]
21-Jan-26 08:44:52 - 	 Epoch 14...
21-Jan-26 08:45:11 - Epoch: [14][  99/1176]	Time  0.180 ( 0.182)	Data  0.000 ( 0.002)	Loss 0.0000e+00 (1.1526e+00)	Acc@1 100.00 ( 85.00)	Acc@5 100.00 (100.00)
21-Jan-26 08:45:29 - Epoch: [14][ 199/1176]	Time  0.177 ( 0.181)	Data  0.000 ( 0.001)	Loss 0.0000e+00 (9.8525e-01)	Acc@1 100.00 ( 86.50)	Acc@5 100.00 (100.00)
21-Jan-26 08:45:47 - Epoch: [14][ 299/1176]	Time  0.174 ( 0.181)	Data  0.000 ( 0.001)	Loss 0.0000e+00 (1.1859e+00)	Acc@1 100.00 ( 88.00)	Acc@5 100.00 (100.00)
21-Jan-26 08:46:05 - Epoch: [14][ 399/1176]	Time  0.176 ( 0.180)	Data  0.000 ( 0.001)	Loss 0.0000e+00 (1.1964e+00)	Acc@1 100.00 ( 88.75)	Acc@5 100.00 (100.00)
21-Jan-26 08:46:22 - Epoch: [14][ 499/1176]	Time  0.180 ( 0.180)	Data  0.000 ( 0.001)	Loss 4.5737e-01 (1.2929e+00)	Acc@1 100.00 ( 89.20)	Acc@5 100.00 (100.00)
21-Jan-26 08:46:40 - Epoch: [14][ 599/1176]	Time  0.177 ( 0.180)	Data  0.000 ( 0.001)	Loss 0.0000e+00 (1.2721e+00)	Acc@1 100.00 ( 89.67)	Acc@5 100.00 (100.00)
21-Jan-26 08:46:58 - Epoch: [14][ 699/1176]	Time  0.180 ( 0.180)	Data  0.000 ( 0.001)	Loss 0.0000e+00 (1.2944e+00)	Acc@1 100.00 ( 89.71)	Acc@5 100.00 (100.00)
21-Jan-26 08:47:16 - Epoch: [14][ 799/1176]	Time  0.177 ( 0.180)	Data  0.000 ( 0.000)	Loss 0.0000e+00 (1.3253e+00)	Acc@1 100.00 ( 89.38)	Acc@5 100.00 (100.00)
21-Jan-26 08:47:34 - Epoch: [14][ 899/1176]	Time  0.202 ( 0.180)	Data  0.011 ( 0.000)	Loss 0.0000e+00 (1.3997e+00)	Acc@1 100.00 ( 89.22)	Acc@5 100.00 (100.00)
21-Jan-26 08:47:52 - Epoch: [14][ 999/1176]	Time  0.185 ( 0.180)	Data  0.000 ( 0.000)	Loss 1.9291e+01 (1.3881e+00)	Acc@1   0.00 ( 89.00)	Acc@5 100.00 (100.00)
21-Jan-26 08:48:10 - Epoch: [14][1099/1176]	Time  0.180 ( 0.180)	Data  0.000 ( 0.000)	Loss 0.0000e+00 (1.3342e+00)	Acc@1 100.00 ( 89.27)	Acc@5 100.00 (100.00)
21-Jan-26 08:48:24 -  @Training * Acc@1 89.456 Acc@5 100.000 Loss 1.279
21-Jan-26 08:48:24 - One training epoch latency: 211.3s | Avg Power: 241.0W | Energy: 50939.0527J
21-Jan-26 08:48:37 -  @Testing * Acc@1 78.125 Acc@5 99.306 Loss 4.436
21-Jan-26 08:48:37 - Best acc at epoch 14: 84.72222137451172
21-Jan-26 08:48:37 - Last learning rate: [6.25e-05]
21-Jan-26 08:48:37 - 	 Epoch 15...
21-Jan-26 08:48:56 - Epoch: [15][  99/1176]	Time  0.177 ( 0.182)	Data  0.000 ( 0.002)	Loss 0.0000e+00 (1.1385e+00)	Acc@1 100.00 ( 89.00)	Acc@5 100.00 (100.00)
21-Jan-26 08:49:14 - Epoch: [15][ 199/1176]	Time  0.181 ( 0.181)	Data  0.000 ( 0.001)	Loss 0.0000e+00 (1.2106e+00)	Acc@1 100.00 ( 88.50)	Acc@5 100.00 (100.00)
21-Jan-26 08:49:32 - Epoch: [15][ 299/1176]	Time  0.174 ( 0.181)	Data  0.000 ( 0.001)	Loss 0.0000e+00 (1.1291e+00)	Acc@1 100.00 ( 89.67)	Acc@5 100.00 (100.00)
21-Jan-26 08:49:50 - Epoch: [15][ 399/1176]	Time  0.177 ( 0.180)	Data  0.000 ( 0.001)	Loss 0.0000e+00 (1.2103e+00)	Acc@1 100.00 ( 89.50)	Acc@5 100.00 (100.00)
21-Jan-26 08:50:07 - Epoch: [15][ 499/1176]	Time  0.180 ( 0.180)	Data  0.000 ( 0.001)	Loss 0.0000e+00 (1.1288e+00)	Acc@1 100.00 ( 90.00)	Acc@5 100.00 (100.00)
21-Jan-26 08:50:25 - Epoch: [15][ 599/1176]	Time  0.177 ( 0.180)	Data  0.000 ( 0.001)	Loss 0.0000e+00 (1.0224e+00)	Acc@1 100.00 ( 90.33)	Acc@5 100.00 (100.00)
21-Jan-26 08:50:43 - Epoch: [15][ 699/1176]	Time  0.177 ( 0.180)	Data  0.000 ( 0.001)	Loss 8.6213e+00 (9.9696e-01)	Acc@1   0.00 ( 90.57)	Acc@5 100.00 (100.00)
21-Jan-26 08:51:01 - Epoch: [15][ 799/1176]	Time  0.177 ( 0.180)	Data  0.000 ( 0.000)	Loss 0.0000e+00 (1.0516e+00)	Acc@1 100.00 ( 89.62)	Acc@5 100.00 (100.00)
21-Jan-26 08:51:19 - Epoch: [15][ 899/1176]	Time  0.197 ( 0.180)	Data  0.000 ( 0.000)	Loss 0.0000e+00 (1.1239e+00)	Acc@1 100.00 ( 89.67)	Acc@5 100.00 (100.00)
21-Jan-26 08:51:37 - Epoch: [15][ 999/1176]	Time  0.185 ( 0.180)	Data  0.000 ( 0.000)	Loss 1.3706e+01 (1.1169e+00)	Acc@1   0.00 ( 89.90)	Acc@5 100.00 (100.00)
21-Jan-26 08:51:55 - Epoch: [15][1099/1176]	Time  0.179 ( 0.180)	Data  0.000 ( 0.000)	Loss 0.0000e+00 (1.1417e+00)	Acc@1 100.00 ( 90.00)	Acc@5 100.00 (100.00)
21-Jan-26 08:52:09 -  @Training * Acc@1 90.221 Acc@5 100.000 Loss 1.134
21-Jan-26 08:52:09 - One training epoch latency: 211.2s | Avg Power: 242.6W | Energy: 51230.6592J
21-Jan-26 08:52:22 -  @Testing * Acc@1 78.125 Acc@5 99.306 Loss 5.858
21-Jan-26 08:52:22 - Best acc at epoch 15: 84.72222137451172
21-Jan-26 08:52:22 - Last learning rate: [6.25e-05]
21-Jan-26 08:52:22 - 	 Epoch 16...
21-Jan-26 08:52:41 - Epoch: [16][  99/1176]	Time  0.177 ( 0.183)	Data  0.000 ( 0.002)	Loss 0.0000e+00 (9.1981e-01)	Acc@1 100.00 ( 92.00)	Acc@5 100.00 (100.00)
21-Jan-26 08:52:59 - Epoch: [16][ 199/1176]	Time  0.181 ( 0.181)	Data  0.000 ( 0.001)	Loss 0.0000e+00 (7.7683e-01)	Acc@1 100.00 ( 92.00)	Acc@5 100.00 (100.00)
21-Jan-26 08:53:17 - Epoch: [16][ 299/1176]	Time  0.177 ( 0.181)	Data  0.000 ( 0.001)	Loss 0.0000e+00 (8.3203e-01)	Acc@1 100.00 ( 92.00)	Acc@5 100.00 (100.00)
21-Jan-26 08:53:35 - Epoch: [16][ 399/1176]	Time  0.181 ( 0.181)	Data  0.000 ( 0.001)	Loss 0.0000e+00 (6.9606e-01)	Acc@1 100.00 ( 92.50)	Acc@5 100.00 (100.00)
21-Jan-26 08:53:53 - Epoch: [16][ 499/1176]	Time  0.177 ( 0.181)	Data  0.000 ( 0.001)	Loss 0.0000e+00 (7.3466e-01)	Acc@1 100.00 ( 92.40)	Acc@5 100.00 (100.00)
21-Jan-26 08:54:11 - Epoch: [16][ 599/1176]	Time  0.177 ( 0.180)	Data  0.000 ( 0.001)	Loss 0.0000e+00 (7.6660e-01)	Acc@1 100.00 ( 92.00)	Acc@5 100.00 (100.00)
21-Jan-26 08:54:29 - Epoch: [16][ 699/1176]	Time  0.180 ( 0.180)	Data  0.000 ( 0.000)	Loss 0.0000e+00 (7.7572e-01)	Acc@1 100.00 ( 92.00)	Acc@5 100.00 (100.00)
21-Jan-26 08:54:46 - Epoch: [16][ 799/1176]	Time  0.177 ( 0.180)	Data  0.000 ( 0.000)	Loss 0.0000e+00 (7.8179e-01)	Acc@1 100.00 ( 91.88)	Acc@5 100.00 (100.00)
21-Jan-26 08:55:04 - Epoch: [16][ 899/1176]	Time  0.177 ( 0.180)	Data  0.000 ( 0.000)	Loss 0.0000e+00 (8.3487e-01)	Acc@1 100.00 ( 91.56)	Acc@5 100.00 (100.00)
21-Jan-26 08:55:22 - Epoch: [16][ 999/1176]	Time  0.177 ( 0.180)	Data  0.000 ( 0.000)	Loss 0.0000e+00 (8.6308e-01)	Acc@1 100.00 ( 91.50)	Acc@5 100.00 (100.00)
21-Jan-26 08:55:40 - Epoch: [16][1099/1176]	Time  0.174 ( 0.180)	Data  0.000 ( 0.000)	Loss 2.1396e+00 (8.9442e-01)	Acc@1   0.00 ( 91.09)	Acc@5 100.00 (100.00)
21-Jan-26 08:55:54 -  @Training * Acc@1 91.156 Acc@5 100.000 Loss 0.895
21-Jan-26 08:55:54 - One training epoch latency: 211.5s | Avg Power: 241.4W | Energy: 51039.3869J
21-Jan-26 08:56:08 -  @Testing * Acc@1 87.153 Acc@5 99.306 Loss 2.231
21-Jan-26 08:56:08 - Best acc at epoch 16: 87.15277862548828
21-Jan-26 08:56:08 - Last learning rate: [6.25e-05]
21-Jan-26 08:56:08 - 	 Epoch 17...
21-Jan-26 08:56:26 - Epoch: [17][  99/1176]	Time  0.179 ( 0.182)	Data  0.000 ( 0.002)	Loss 0.0000e+00 (3.9946e-01)	Acc@1 100.00 ( 95.00)	Acc@5 100.00 (100.00)
21-Jan-26 08:56:44 - Epoch: [17][ 199/1176]	Time  0.179 ( 0.181)	Data  0.000 ( 0.001)	Loss 3.4192e+00 (5.1773e-01)	Acc@1   0.00 ( 94.00)	Acc@5 100.00 (100.00)
21-Jan-26 08:57:02 - Epoch: [17][ 299/1176]	Time  0.174 ( 0.181)	Data  0.000 ( 0.001)	Loss 1.1921e-07 (6.0826e-01)	Acc@1 100.00 ( 94.67)	Acc@5 100.00 (100.00)
21-Jan-26 08:57:20 - Epoch: [17][ 399/1176]	Time  0.177 ( 0.180)	Data  0.000 ( 0.001)	Loss 0.0000e+00 (5.9485e-01)	Acc@1 100.00 ( 94.50)	Acc@5 100.00 (100.00)
21-Jan-26 08:57:38 - Epoch: [17][ 499/1176]	Time  0.177 ( 0.180)	Data  0.000 ( 0.001)	Loss 0.0000e+00 (7.0872e-01)	Acc@1 100.00 ( 94.20)	Acc@5 100.00 (100.00)
21-Jan-26 08:57:56 - Epoch: [17][ 599/1176]	Time  0.177 ( 0.180)	Data  0.000 ( 0.001)	Loss 0.0000e+00 (7.8774e-01)	Acc@1 100.00 ( 93.67)	Acc@5 100.00 (100.00)
21-Jan-26 08:58:14 - Epoch: [17][ 699/1176]	Time  0.176 ( 0.180)	Data  0.000 ( 0.001)	Loss 2.9289e+01 (7.8965e-01)	Acc@1   0.00 ( 93.43)	Acc@5 100.00 (100.00)
21-Jan-26 08:58:32 - Epoch: [17][ 799/1176]	Time  0.180 ( 0.180)	Data  0.000 ( 0.000)	Loss 0.0000e+00 (9.0887e-01)	Acc@1 100.00 ( 93.00)	Acc@5 100.00 (100.00)
21-Jan-26 08:58:49 - Epoch: [17][ 899/1176]	Time  0.176 ( 0.180)	Data  0.000 ( 0.000)	Loss 0.0000e+00 (8.3895e-01)	Acc@1 100.00 ( 93.11)	Acc@5 100.00 (100.00)
21-Jan-26 08:59:07 - Epoch: [17][ 999/1176]	Time  0.180 ( 0.180)	Data  0.000 ( 0.000)	Loss 1.0915e-02 (8.1739e-01)	Acc@1 100.00 ( 93.20)	Acc@5 100.00 (100.00)
21-Jan-26 08:59:25 - Epoch: [17][1099/1176]	Time  0.177 ( 0.180)	Data  0.000 ( 0.000)	Loss 0.0000e+00 (8.5592e-01)	Acc@1 100.00 ( 92.73)	Acc@5 100.00 (100.00)
21-Jan-26 08:59:39 -  @Training * Acc@1 92.602 Acc@5 100.000 Loss 0.844
21-Jan-26 08:59:39 - One training epoch latency: 211.3s | Avg Power: 240.8W | Energy: 50879.9568J
21-Jan-26 08:59:53 -  @Testing * Acc@1 84.722 Acc@5 98.958 Loss 2.886
21-Jan-26 08:59:53 - Best acc at epoch 17: 87.15277862548828
21-Jan-26 08:59:53 - Last learning rate: [6.25e-05]
21-Jan-26 08:59:53 - 	 Epoch 18...
21-Jan-26 09:00:11 - Epoch: [18][  99/1176]	Time  0.179 ( 0.182)	Data  0.000 ( 0.002)	Loss 0.0000e+00 (8.2184e-01)	Acc@1 100.00 ( 91.00)	Acc@5 100.00 (100.00)
21-Jan-26 09:00:29 - Epoch: [18][ 199/1176]	Time  0.177 ( 0.181)	Data  0.000 ( 0.001)	Loss 1.7944e-01 (5.5374e-01)	Acc@1 100.00 ( 94.00)	Acc@5 100.00 (100.00)
21-Jan-26 09:00:47 - Epoch: [18][ 299/1176]	Time  0.179 ( 0.180)	Data  0.000 ( 0.001)	Loss 0.0000e+00 (5.0691e-01)	Acc@1 100.00 ( 94.67)	Acc@5 100.00 (100.00)
21-Jan-26 09:01:05 - Epoch: [18][ 399/1176]	Time  0.180 ( 0.180)	Data  0.000 ( 0.001)	Loss 0.0000e+00 (5.0573e-01)	Acc@1 100.00 ( 94.75)	Acc@5 100.00 (100.00)
21-Jan-26 09:01:23 - Epoch: [18][ 499/1176]	Time  0.176 ( 0.180)	Data  0.000 ( 0.001)	Loss 0.0000e+00 (5.7304e-01)	Acc@1 100.00 ( 94.80)	Acc@5 100.00 (100.00)
21-Jan-26 09:01:41 - Epoch: [18][ 599/1176]	Time  0.176 ( 0.180)	Data  0.000 ( 0.001)	Loss 0.0000e+00 (6.3577e-01)	Acc@1 100.00 ( 94.50)	Acc@5 100.00 (100.00)
21-Jan-26 09:01:58 - Epoch: [18][ 699/1176]	Time  0.176 ( 0.180)	Data  0.000 ( 0.000)	Loss 0.0000e+00 (7.3168e-01)	Acc@1 100.00 ( 94.14)	Acc@5 100.00 (100.00)
21-Jan-26 09:02:16 - Epoch: [18][ 799/1176]	Time  0.176 ( 0.180)	Data  0.000 ( 0.000)	Loss 0.0000e+00 (6.6855e-01)	Acc@1 100.00 ( 94.38)	Acc@5 100.00 (100.00)
21-Jan-26 09:02:34 - Epoch: [18][ 899/1176]	Time  0.177 ( 0.180)	Data  0.000 ( 0.000)	Loss 0.0000e+00 (6.9718e-01)	Acc@1 100.00 ( 94.22)	Acc@5 100.00 (100.00)
21-Jan-26 09:02:52 - Epoch: [18][ 999/1176]	Time  0.177 ( 0.179)	Data  0.000 ( 0.000)	Loss 0.0000e+00 (9.2914e-01)	Acc@1 100.00 ( 93.50)	Acc@5 100.00 (100.00)
21-Jan-26 09:03:10 - Epoch: [18][1099/1176]	Time  0.180 ( 0.179)	Data  0.000 ( 0.000)	Loss 1.8976e+00 (8.9963e-01)	Acc@1   0.00 ( 93.36)	Acc@5 100.00 (100.00)
21-Jan-26 09:03:24 -  @Training * Acc@1 93.367 Acc@5 100.000 Loss 0.880
21-Jan-26 09:03:24 - One training epoch latency: 210.9s | Avg Power: 242.6W | Energy: 51178.0342J
21-Jan-26 09:03:37 -  @Testing * Acc@1 90.972 Acc@5 99.306 Loss 2.275
21-Jan-26 09:03:37 - Best acc at epoch 18: 90.97222137451172
21-Jan-26 09:03:37 - Last learning rate: [6.25e-05]
21-Jan-26 09:03:37 - 	 Epoch 19...
21-Jan-26 09:03:55 - Epoch: [19][  99/1176]	Time  0.180 ( 0.182)	Data  0.000 ( 0.002)	Loss 0.0000e+00 (2.9217e-01)	Acc@1 100.00 ( 96.00)	Acc@5 100.00 (100.00)
21-Jan-26 09:04:13 - Epoch: [19][ 199/1176]	Time  0.180 ( 0.181)	Data  0.000 ( 0.001)	Loss 0.0000e+00 (3.3905e-01)	Acc@1 100.00 ( 95.50)	Acc@5 100.00 (100.00)
21-Jan-26 09:04:31 - Epoch: [19][ 299/1176]	Time  0.177 ( 0.180)	Data  0.000 ( 0.001)	Loss 1.6996e-02 (6.5180e-01)	Acc@1 100.00 ( 94.33)	Acc@5 100.00 (100.00)
21-Jan-26 09:04:49 - Epoch: [19][ 399/1176]	Time  0.177 ( 0.180)	Data  0.000 ( 0.001)	Loss 0.0000e+00 (5.5019e-01)	Acc@1 100.00 ( 95.00)	Acc@5 100.00 (100.00)
21-Jan-26 09:05:07 - Epoch: [19][ 499/1176]	Time  0.177 ( 0.180)	Data  0.000 ( 0.001)	Loss 0.0000e+00 (6.1399e-01)	Acc@1 100.00 ( 95.60)	Acc@5 100.00 (100.00)
21-Jan-26 09:05:25 - Epoch: [19][ 599/1176]	Time  0.179 ( 0.180)	Data  0.000 ( 0.000)	Loss 0.0000e+00 (5.7663e-01)	Acc@1 100.00 ( 95.50)	Acc@5 100.00 (100.00)
21-Jan-26 09:05:43 - Epoch: [19][ 699/1176]	Time  0.178 ( 0.180)	Data  0.000 ( 0.000)	Loss 0.0000e+00 (6.5831e-01)	Acc@1 100.00 ( 95.29)	Acc@5 100.00 (100.00)
21-Jan-26 09:06:01 - Epoch: [19][ 799/1176]	Time  0.179 ( 0.180)	Data  0.000 ( 0.000)	Loss 1.1921e-07 (6.8080e-01)	Acc@1 100.00 ( 95.00)	Acc@5 100.00 (100.00)
21-Jan-26 09:06:19 - Epoch: [19][ 899/1176]	Time  0.180 ( 0.180)	Data  0.000 ( 0.000)	Loss 1.1740e+01 (6.9457e-01)	Acc@1   0.00 ( 94.67)	Acc@5 100.00 (100.00)
21-Jan-26 09:06:37 - Epoch: [19][ 999/1176]	Time  0.180 ( 0.180)	Data  0.000 ( 0.000)	Loss 0.0000e+00 (7.2166e-01)	Acc@1 100.00 ( 94.40)	Acc@5 100.00 (100.00)
21-Jan-26 09:06:55 - Epoch: [19][1099/1176]	Time  0.179 ( 0.180)	Data  0.000 ( 0.000)	Loss 0.0000e+00 (7.3546e-01)	Acc@1 100.00 ( 94.36)	Acc@5 100.00 (100.00)
21-Jan-26 09:07:08 -  @Training * Acc@1 94.388 Acc@5 100.000 Loss 0.785
21-Jan-26 09:07:09 - One training epoch latency: 211.2s | Avg Power: 242.2W | Energy: 51138.4461J
21-Jan-26 09:07:22 -  @Testing * Acc@1 84.722 Acc@5 99.306 Loss 4.523
21-Jan-26 09:07:22 - Best acc at epoch 19: 90.97222137451172
21-Jan-26 09:07:22 - Last learning rate: [6.25e-05]
21-Jan-26 09:07:22 - 	 Epoch 20...
21-Jan-26 09:07:40 - Epoch: [20][  99/1176]	Time  0.180 ( 0.182)	Data  0.000 ( 0.002)	Loss 8.1402e+00 (2.7529e-01)	Acc@1   0.00 ( 95.00)	Acc@5 100.00 (100.00)
21-Jan-26 09:07:58 - Epoch: [20][ 199/1176]	Time  0.179 ( 0.181)	Data  0.000 ( 0.001)	Loss 0.0000e+00 (4.5016e-01)	Acc@1 100.00 ( 95.00)	Acc@5 100.00 (100.00)
21-Jan-26 09:08:16 - Epoch: [20][ 299/1176]	Time  0.180 ( 0.181)	Data  0.000 ( 0.001)	Loss 0.0000e+00 (5.2074e-01)	Acc@1 100.00 ( 95.00)	Acc@5 100.00 (100.00)
21-Jan-26 09:08:34 - Epoch: [20][ 399/1176]	Time  0.177 ( 0.180)	Data  0.000 ( 0.001)	Loss 0.0000e+00 (4.7620e-01)	Acc@1 100.00 ( 95.50)	Acc@5 100.00 (100.00)
21-Jan-26 09:08:52 - Epoch: [20][ 499/1176]	Time  0.180 ( 0.180)	Data  0.000 ( 0.001)	Loss 0.0000e+00 (5.6436e-01)	Acc@1 100.00 ( 95.20)	Acc@5 100.00 (100.00)
21-Jan-26 09:09:10 - Epoch: [20][ 599/1176]	Time  0.203 ( 0.180)	Data  0.011 ( 0.001)	Loss 0.0000e+00 (7.0281e-01)	Acc@1 100.00 ( 95.00)	Acc@5 100.00 (100.00)
21-Jan-26 09:09:28 - Epoch: [20][ 699/1176]	Time  0.187 ( 0.180)	Data  0.000 ( 0.000)	Loss 0.0000e+00 (6.3750e-01)	Acc@1 100.00 ( 95.29)	Acc@5 100.00 (100.00)
21-Jan-26 09:09:46 - Epoch: [20][ 799/1176]	Time  0.182 ( 0.180)	Data  0.000 ( 0.000)	Loss 3.8010e+01 (7.1400e-01)	Acc@1   0.00 ( 94.75)	Acc@5 100.00 (100.00)
21-Jan-26 09:10:04 - Epoch: [20][ 899/1176]	Time  0.174 ( 0.180)	Data  0.000 ( 0.000)	Loss 0.0000e+00 (6.5074e-01)	Acc@1 100.00 ( 95.00)	Acc@5 100.00 (100.00)
21-Jan-26 09:10:22 - Epoch: [20][ 999/1176]	Time  0.177 ( 0.180)	Data  0.000 ( 0.000)	Loss 3.5763e-07 (6.7629e-01)	Acc@1 100.00 ( 94.90)	Acc@5 100.00 (100.00)
21-Jan-26 09:10:40 - Epoch: [20][1099/1176]	Time  0.177 ( 0.180)	Data  0.000 ( 0.000)	Loss 0.0000e+00 (6.6950e-01)	Acc@1 100.00 ( 95.00)	Acc@5 100.00 (100.00)
21-Jan-26 09:10:53 -  @Training * Acc@1 95.153 Acc@5 100.000 Loss 0.651
21-Jan-26 09:10:54 - One training epoch latency: 211.3s | Avg Power: 241.0W | Energy: 50931.6143J
21-Jan-26 09:11:07 -  @Testing * Acc@1 87.500 Acc@5 99.306 Loss 2.983
21-Jan-26 09:11:07 - Best acc at epoch 20: 90.97222137451172
21-Jan-26 09:11:07 - Last learning rate: [6.25e-05]
21-Jan-26 09:11:07 - 	 Epoch 21...
21-Jan-26 09:11:25 - Epoch: [21][  99/1176]	Time  0.180 ( 0.182)	Data  0.000 ( 0.002)	Loss 0.0000e+00 (3.5924e-01)	Acc@1 100.00 ( 94.00)	Acc@5 100.00 (100.00)
21-Jan-26 09:11:43 - Epoch: [21][ 199/1176]	Time  0.176 ( 0.181)	Data  0.000 ( 0.001)	Loss 0.0000e+00 (6.2197e-01)	Acc@1 100.00 ( 95.00)	Acc@5 100.00 (100.00)
21-Jan-26 09:12:01 - Epoch: [21][ 299/1176]	Time  0.180 ( 0.181)	Data  0.000 ( 0.001)	Loss 0.0000e+00 (6.0569e-01)	Acc@1 100.00 ( 94.33)	Acc@5 100.00 (100.00)
21-Jan-26 09:12:19 - Epoch: [21][ 399/1176]	Time  0.177 ( 0.180)	Data  0.000 ( 0.001)	Loss 0.0000e+00 (5.4394e-01)	Acc@1 100.00 ( 94.75)	Acc@5 100.00 (100.00)
21-Jan-26 09:12:37 - Epoch: [21][ 499/1176]	Time  0.177 ( 0.180)	Data  0.000 ( 0.001)	Loss 0.0000e+00 (5.2973e-01)	Acc@1 100.00 ( 95.40)	Acc@5 100.00 (100.00)
21-Jan-26 09:12:55 - Epoch: [21][ 599/1176]	Time  0.177 ( 0.180)	Data  0.000 ( 0.001)	Loss 0.0000e+00 (5.3288e-01)	Acc@1 100.00 ( 95.17)	Acc@5 100.00 (100.00)
21-Jan-26 09:13:13 - Epoch: [21][ 699/1176]	Time  0.177 ( 0.180)	Data  0.000 ( 0.000)	Loss 0.0000e+00 (6.1290e-01)	Acc@1 100.00 ( 95.14)	Acc@5 100.00 (100.00)
21-Jan-26 09:13:31 - Epoch: [21][ 799/1176]	Time  0.174 ( 0.180)	Data  0.000 ( 0.000)	Loss 1.6873e-02 (5.6130e-01)	Acc@1 100.00 ( 95.12)	Acc@5 100.00 (100.00)
21-Jan-26 09:13:49 - Epoch: [21][ 899/1176]	Time  0.185 ( 0.180)	Data  0.000 ( 0.000)	Loss 0.0000e+00 (5.3804e-01)	Acc@1 100.00 ( 95.56)	Acc@5 100.00 (100.00)
21-Jan-26 09:14:07 - Epoch: [21][ 999/1176]	Time  0.179 ( 0.180)	Data  0.000 ( 0.000)	Loss 0.0000e+00 (5.4189e-01)	Acc@1 100.00 ( 95.60)	Acc@5 100.00 (100.00)
21-Jan-26 09:14:25 - Epoch: [21][1099/1176]	Time  0.177 ( 0.180)	Data  0.000 ( 0.000)	Loss 0.0000e+00 (6.4319e-01)	Acc@1 100.00 ( 95.27)	Acc@5 100.00 (100.00)
21-Jan-26 09:14:39 -  @Training * Acc@1 95.408 Acc@5 100.000 Loss 0.639
21-Jan-26 09:14:39 - One training epoch latency: 211.3s | Avg Power: 242.3W | Energy: 51192.9578J
21-Jan-26 09:14:52 -  @Testing * Acc@1 90.278 Acc@5 99.306 Loss 2.454
21-Jan-26 09:14:52 - Best acc at epoch 21: 90.97222137451172
21-Jan-26 09:14:53 - Last learning rate: [6.25e-05]
21-Jan-26 09:14:53 - 	 Epoch 22...
21-Jan-26 09:15:11 - Epoch: [22][  99/1176]	Time  0.177 ( 0.182)	Data  0.000 ( 0.002)	Loss 0.0000e+00 (2.5525e-01)	Acc@1 100.00 ( 95.00)	Acc@5 100.00 (100.00)
21-Jan-26 09:15:29 - Epoch: [22][ 199/1176]	Time  0.177 ( 0.181)	Data  0.000 ( 0.001)	Loss 0.0000e+00 (5.8472e-01)	Acc@1 100.00 ( 94.50)	Acc@5 100.00 (100.00)
21-Jan-26 09:15:47 - Epoch: [22][ 299/1176]	Time  0.177 ( 0.181)	Data  0.000 ( 0.001)	Loss 0.0000e+00 (4.3154e-01)	Acc@1 100.00 ( 95.33)	Acc@5 100.00 (100.00)
21-Jan-26 09:16:05 - Epoch: [22][ 399/1176]	Time  0.177 ( 0.180)	Data  0.000 ( 0.001)	Loss 0.0000e+00 (3.7285e-01)	Acc@1 100.00 ( 96.00)	Acc@5 100.00 (100.00)
21-Jan-26 09:16:23 - Epoch: [22][ 499/1176]	Time  0.177 ( 0.180)	Data  0.000 ( 0.001)	Loss 0.0000e+00 (2.9858e-01)	Acc@1 100.00 ( 96.80)	Acc@5 100.00 (100.00)
21-Jan-26 09:16:41 - Epoch: [22][ 599/1176]	Time  0.174 ( 0.180)	Data  0.000 ( 0.001)	Loss 0.0000e+00 (2.6995e-01)	Acc@1 100.00 ( 97.00)	Acc@5 100.00 (100.00)
21-Jan-26 09:16:59 - Epoch: [22][ 699/1176]	Time  0.177 ( 0.180)	Data  0.000 ( 0.001)	Loss 0.0000e+00 (3.2033e-01)	Acc@1 100.00 ( 96.71)	Acc@5 100.00 (100.00)
21-Jan-26 09:17:16 - Epoch: [22][ 799/1176]	Time  0.177 ( 0.180)	Data  0.000 ( 0.000)	Loss 0.0000e+00 (3.9603e-01)	Acc@1 100.00 ( 96.50)	Acc@5 100.00 (100.00)
21-Jan-26 09:17:34 - Epoch: [22][ 899/1176]	Time  0.177 ( 0.180)	Data  0.000 ( 0.000)	Loss 0.0000e+00 (4.1887e-01)	Acc@1 100.00 ( 96.44)	Acc@5 100.00 (100.00)
21-Jan-26 09:17:52 - Epoch: [22][ 999/1176]	Time  0.177 ( 0.180)	Data  0.000 ( 0.000)	Loss 0.0000e+00 (4.8117e-01)	Acc@1 100.00 ( 96.00)	Acc@5 100.00 (100.00)
21-Jan-26 09:18:10 - Epoch: [22][1099/1176]	Time  0.177 ( 0.180)	Data  0.000 ( 0.000)	Loss 5.3247e+00 (4.7395e-01)	Acc@1   0.00 ( 95.91)	Acc@5 100.00 (100.00)
21-Jan-26 09:18:24 -  @Training * Acc@1 95.748 Acc@5 100.000 Loss 0.474
21-Jan-26 09:18:24 - One training epoch latency: 211.3s | Avg Power: 242.7W | Energy: 51280.1331J
21-Jan-26 09:18:38 -  @Testing * Acc@1 93.056 Acc@5 99.306 Loss 2.851
21-Jan-26 09:18:38 - Best acc at epoch 22: 93.05555725097656
21-Jan-26 09:18:38 - Last learning rate: [3.125e-05]
21-Jan-26 09:18:38 - 	 Epoch 23...
21-Jan-26 09:18:56 - Epoch: [23][  99/1176]	Time  0.180 ( 0.182)	Data  0.000 ( 0.002)	Loss 0.0000e+00 (1.1034e-01)	Acc@1 100.00 ( 99.00)	Acc@5 100.00 (100.00)
21-Jan-26 09:19:14 - Epoch: [23][ 199/1176]	Time  0.177 ( 0.181)	Data  0.000 ( 0.001)	Loss 0.0000e+00 (5.5418e-02)	Acc@1 100.00 ( 99.50)	Acc@5 100.00 (100.00)
21-Jan-26 09:19:32 - Epoch: [23][ 299/1176]	Time  0.177 ( 0.180)	Data  0.000 ( 0.001)	Loss 0.0000e+00 (7.6757e-02)	Acc@1 100.00 ( 99.00)	Acc@5 100.00 (100.00)
21-Jan-26 09:19:50 - Epoch: [23][ 399/1176]	Time  0.176 ( 0.180)	Data  0.000 ( 0.001)	Loss 0.0000e+00 (7.4991e-02)	Acc@1 100.00 ( 99.00)	Acc@5 100.00 (100.00)
21-Jan-26 09:20:08 - Epoch: [23][ 499/1176]	Time  0.177 ( 0.180)	Data  0.000 ( 0.001)	Loss 0.0000e+00 (1.5956e-01)	Acc@1 100.00 ( 98.60)	Acc@5 100.00 (100.00)
21-Jan-26 09:20:26 - Epoch: [23][ 599/1176]	Time  0.177 ( 0.180)	Data  0.000 ( 0.001)	Loss 0.0000e+00 (1.4135e-01)	Acc@1 100.00 ( 98.67)	Acc@5 100.00 (100.00)
21-Jan-26 09:20:43 - Epoch: [23][ 699/1176]	Time  0.179 ( 0.180)	Data  0.000 ( 0.000)	Loss 0.0000e+00 (1.2254e-01)	Acc@1 100.00 ( 98.86)	Acc@5 100.00 (100.00)
21-Jan-26 09:21:01 - Epoch: [23][ 799/1176]	Time  0.176 ( 0.180)	Data  0.000 ( 0.000)	Loss 0.0000e+00 (1.0722e-01)	Acc@1 100.00 ( 99.00)	Acc@5 100.00 (100.00)
21-Jan-26 09:21:19 - Epoch: [23][ 899/1176]	Time  0.177 ( 0.180)	Data  0.000 ( 0.000)	Loss 0.0000e+00 (9.8170e-02)	Acc@1 100.00 ( 99.00)	Acc@5 100.00 (100.00)
21-Jan-26 09:21:37 - Epoch: [23][ 999/1176]	Time  0.182 ( 0.180)	Data  0.000 ( 0.000)	Loss 0.0000e+00 (1.0205e-01)	Acc@1 100.00 ( 99.00)	Acc@5 100.00 (100.00)
21-Jan-26 09:21:55 - Epoch: [23][1099/1176]	Time  0.179 ( 0.180)	Data  0.000 ( 0.000)	Loss 0.0000e+00 (9.2784e-02)	Acc@1 100.00 ( 99.09)	Acc@5 100.00 (100.00)
21-Jan-26 09:22:09 -  @Training * Acc@1 99.150 Acc@5 100.000 Loss 0.087
21-Jan-26 09:22:09 - One training epoch latency: 211.1s | Avg Power: 241.8W | Energy: 51048.1021J
21-Jan-26 09:22:23 -  @Testing * Acc@1 93.750 Acc@5 99.306 Loss 2.544
21-Jan-26 09:22:23 - Best acc at epoch 23: 93.75
21-Jan-26 09:22:23 - Last learning rate: [3.125e-05]
21-Jan-26 09:22:23 - 	 Epoch 24...
21-Jan-26 09:22:41 - Epoch: [24][  99/1176]	Time  0.179 ( 0.182)	Data  0.000 ( 0.002)	Loss 0.0000e+00 (1.5012e-01)	Acc@1 100.00 ( 99.00)	Acc@5 100.00 (100.00)
21-Jan-26 09:22:59 - Epoch: [24][ 199/1176]	Time  0.180 ( 0.181)	Data  0.000 ( 0.001)	Loss 0.0000e+00 (7.5061e-02)	Acc@1 100.00 ( 99.50)	Acc@5 100.00 (100.00)
21-Jan-26 09:23:17 - Epoch: [24][ 299/1176]	Time  0.188 ( 0.181)	Data  0.000 ( 0.001)	Loss 0.0000e+00 (5.5773e-02)	Acc@1 100.00 ( 99.33)	Acc@5 100.00 (100.00)
21-Jan-26 09:23:35 - Epoch: [24][ 399/1176]	Time  0.177 ( 0.181)	Data  0.000 ( 0.001)	Loss 0.0000e+00 (8.7077e-02)	Acc@1 100.00 ( 99.25)	Acc@5 100.00 (100.00)
21-Jan-26 09:23:53 - Epoch: [24][ 499/1176]	Time  0.180 ( 0.181)	Data  0.000 ( 0.001)	Loss 0.0000e+00 (1.6266e-01)	Acc@1 100.00 ( 98.80)	Acc@5 100.00 (100.00)
