21-Jan-26 08:14:15 - Namespace(arch='dvscifar10_tessvgg_model', cpu=False, dataset='CIFAR10DVS', save_path='./experiments/CIFAR10DVS_VGG_Lonic_wn_int8_ternary_int8', data_path='../SLTT-main/data', trials=1, epochs=100, optimizer='Adam', loss='CE', lr=1.5625e-05, lr_conv=1.5625e-05, batch_size=1, val_batch_size=64, label_encoding='class', activation='LinearSpike', seed=10, pretrained_model=None, training_mode='tess', delay_ls=10, scheduler=100, print_freq=1000, factors_stdp=[0.2, 0.5, 0.0, 1.0], pooling='MAX', weight_decay=0, lr_scheduler_type='ReduceLR', experiment_name='DVSCIFAR10', wn=True, avoid_wn=False, low_precision_training=True, forward_intx=8)
21-Jan-26 08:14:15 - => Everything will be saved to ./experiments/CIFAR10DVS_VGG_Lonic_wn_int8_ternary_int8
21-Jan-26 08:14:16 - CUDA GPU will be used for computations
21-Jan-26 08:14:16 - Training set length: 9000
21-Jan-26 08:14:16 - Test set length: 1000
21-Jan-26 08:14:16 - Activation used: None
21-Jan-26 08:14:16 - Total Parameters: 9222.3K
21-Jan-26 08:14:16 - === Model ===
21-Jan-26 08:14:16 - VGGConvModel(
  (conv_block1): LocalLearningSignalGenerationLayer(
    (block): ConvBlock(
      (pool): Identity()
      (conv): Conv2dSTDP(2, 64, kernel_size=(3, 3), stride=(1, 1), padding=(1, 1), bias=False, threshold=0.60, leak=0.50, reset=soft, grad_leak=False, grad_threshold=False, factors=tensor([0.2000, 0.5000, 0.0000, 1.0000], device='cuda:0'))
      (dropout): DropoutLIF(
        Dropout(p=0.0, inplace=False)
        (dropout): Dropout(p=0.0, inplace=False)
      )
    )
  )
  (conv_block2): LocalLearningSignalGenerationLayer(
    (block): ConvBlock(
      (pool): MaxPool2d(kernel_size=2, stride=2, padding=0, dilation=1, ceil_mode=False)
      (conv): Conv2dSTDP(64, 128, kernel_size=(3, 3), stride=(1, 1), padding=(1, 1), bias=False, threshold=0.60, leak=0.50, reset=soft, grad_leak=False, grad_threshold=False, factors=tensor([0.2000, 0.5000, 0.0000, 1.0000], device='cuda:0'))
      (dropout): DropoutLIF(
        Dropout(p=0.0, inplace=False)
        (dropout): Dropout(p=0.0, inplace=False)
      )
    )
  )
  (conv_block3): LocalLearningSignalGenerationLayer(
    (block): ConvBlock(
      (pool): Identity()
      (conv): Conv2dSTDP(128, 256, kernel_size=(3, 3), stride=(1, 1), padding=(1, 1), bias=False, threshold=0.60, leak=0.50, reset=soft, grad_leak=False, grad_threshold=False, factors=tensor([0.2000, 0.5000, 0.0000, 1.0000], device='cuda:0'))
      (dropout): DropoutLIF(
        Dropout(p=0.0, inplace=False)
        (dropout): Dropout(p=0.0, inplace=False)
      )
    )
  )
  (conv_block4): LocalLearningSignalGenerationLayer(
    (block): ConvBlock(
      (pool): MaxPool2d(kernel_size=2, stride=2, padding=0, dilation=1, ceil_mode=False)
      (conv): Conv2dSTDP(256, 256, kernel_size=(3, 3), stride=(1, 1), padding=(1, 1), bias=False, threshold=0.60, leak=0.50, reset=soft, grad_leak=False, grad_threshold=False, factors=tensor([0.2000, 0.5000, 0.0000, 1.0000], device='cuda:0'))
      (dropout): DropoutLIF(
        Dropout(p=0.0, inplace=False)
        (dropout): Dropout(p=0.0, inplace=False)
      )
    )
  )
  (conv_block5): LocalLearningSignalGenerationLayer(
    (block): ConvBlock(
      (pool): Identity()
      (conv): Conv2dSTDP(256, 512, kernel_size=(3, 3), stride=(1, 1), padding=(1, 1), bias=False, threshold=0.60, leak=0.50, reset=soft, grad_leak=False, grad_threshold=False, factors=tensor([0.2000, 0.5000, 0.0000, 1.0000], device='cuda:0'))
      (dropout): DropoutLIF(
        Dropout(p=0.0, inplace=False)
        (dropout): Dropout(p=0.0, inplace=False)
      )
    )
  )
  (conv_block6): LocalLearningSignalGenerationLayer(
    (block): ConvBlock(
      (pool): MaxPool2d(kernel_size=2, stride=2, padding=0, dilation=1, ceil_mode=False)
      (conv): Conv2dSTDP(512, 512, kernel_size=(3, 3), stride=(1, 1), padding=(1, 1), bias=False, threshold=0.60, leak=0.50, reset=soft, grad_leak=False, grad_threshold=False, factors=tensor([0.2000, 0.5000, 0.0000, 1.0000], device='cuda:0'))
      (dropout): DropoutLIF(
        Dropout(p=0.0, inplace=False)
        (dropout): Dropout(p=0.0, inplace=False)
      )
    )
  )
  (conv_block7): LocalLearningSignalGenerationLayer(
    (block): ConvBlock(
      (pool): Identity()
      (conv): Conv2dSTDP(512, 512, kernel_size=(3, 3), stride=(1, 1), padding=(1, 1), bias=False, threshold=0.60, leak=0.50, reset=soft, grad_leak=False, grad_threshold=False, factors=tensor([0.2000, 0.5000, 0.0000, 1.0000], device='cuda:0'))
      (dropout): DropoutLIF(
        Dropout(p=0.0, inplace=False)
        (dropout): Dropout(p=0.0, inplace=False)
      )
    )
  )
  (conv_block8): LocalLearningSignalGenerationLayer(
    (block): ConvBlock(
      (pool): AdaptiveAvgPool2d(output_size=1)
      (conv): Conv2dSTDP(512, 512, kernel_size=(3, 3), stride=(1, 1), padding=(1, 1), bias=False, threshold=0.60, leak=0.50, reset=soft, grad_leak=False, grad_threshold=False, factors=tensor([0.2000, 0.5000, 0.0000, 1.0000], device='cuda:0'))
      (dropout): DropoutLIF(
        Dropout(p=0.0, inplace=False)
        (dropout): Dropout(p=0.0, inplace=False)
      )
    )
  )
  (linear): Linear(in_features=512, out_features=10, bias=True)
)
21-Jan-26 08:14:17 - 
=== Starting model training with 100 epochs:

21-Jan-26 08:14:17 - 	 Epoch 1...
21-Jan-26 08:15:36 - Epoch: [1][ 999/9000]	Time  0.077 ( 0.080)	Data  0.001 ( 0.002)	Loss 6.3401e-01 (3.3477e+00)	Acc@1 100.00 ( 14.80)	Acc@5 100.00 ( 62.50)
21-Jan-26 08:16:56 - Epoch: [1][1999/9000]	Time  0.067 ( 0.080)	Data  0.001 ( 0.002)	Loss 2.6590e+00 (4.2270e+00)	Acc@1   0.00 ( 19.55)	Acc@5 100.00 ( 70.15)
21-Jan-26 08:18:16 - Epoch: [1][2999/9000]	Time  0.073 ( 0.080)	Data  0.001 ( 0.002)	Loss 3.4326e-02 (4.6845e+00)	Acc@1 100.00 ( 22.30)	Acc@5 100.00 ( 73.60)
21-Jan-26 08:19:37 - Epoch: [1][3999/9000]	Time  0.068 ( 0.080)	Data  0.001 ( 0.002)	Loss 1.0523e+01 (4.9361e+00)	Acc@1   0.00 ( 24.80)	Acc@5   0.00 ( 76.20)
21-Jan-26 08:20:54 - Epoch: [1][4999/9000]	Time  0.075 ( 0.079)	Data  0.001 ( 0.002)	Loss 1.0679e+00 (5.0772e+00)	Acc@1   0.00 ( 26.82)	Acc@5 100.00 ( 78.22)
21-Jan-26 08:22:11 - Epoch: [1][5999/9000]	Time  0.080 ( 0.079)	Data  0.001 ( 0.002)	Loss 3.0249e+00 (5.1999e+00)	Acc@1   0.00 ( 28.17)	Acc@5 100.00 ( 79.65)
21-Jan-26 08:23:28 - Epoch: [1][6999/9000]	Time  0.080 ( 0.079)	Data  0.002 ( 0.002)	Loss 5.4914e+00 (5.3000e+00)	Acc@1   0.00 ( 29.23)	Acc@5 100.00 ( 80.40)
21-Jan-26 08:24:46 - Epoch: [1][7999/9000]	Time  0.081 ( 0.079)	Data  0.001 ( 0.002)	Loss 3.1660e+00 (5.3171e+00)	Acc@1   0.00 ( 30.55)	Acc@5 100.00 ( 81.40)
21-Jan-26 08:26:03 - Epoch: [1][8999/9000]	Time  0.064 ( 0.078)	Data  0.001 ( 0.002)	Loss 1.3214e+01 (5.4121e+00)	Acc@1   0.00 ( 31.30)	Acc@5 100.00 ( 82.02)
21-Jan-26 08:26:03 -  @Training * Acc@1 31.300 Acc@5 82.022 Loss 5.412
21-Jan-26 08:26:03 - One training epoch latency: 706.2s | Avg Power: 184.6W | Energy: 130403.0418J
21-Jan-26 08:26:13 -  @Testing * Acc@1 38.500 Acc@5 86.100 Loss 5.966
21-Jan-26 08:26:13 - Best acc at epoch 1: 38.5
21-Jan-26 08:26:13 - Last learning rate: [1.5625e-05]
21-Jan-26 08:26:13 - 	 Epoch 2...
21-Jan-26 08:27:31 - Epoch: [2][ 999/9000]	Time  0.100 ( 0.078)	Data  0.001 ( 0.002)	Loss 1.2039e+00 (5.5997e+00)	Acc@1   0.00 ( 41.00)	Acc@5 100.00 ( 87.20)
21-Jan-26 08:28:49 - Epoch: [2][1999/9000]	Time  0.068 ( 0.078)	Data  0.001 ( 0.002)	Loss 4.6740e+00 (5.6067e+00)	Acc@1   0.00 ( 42.65)	Acc@5 100.00 ( 87.50)
21-Jan-26 08:30:06 - Epoch: [2][2999/9000]	Time  0.075 ( 0.078)	Data  0.001 ( 0.001)	Loss 6.1207e-04 (5.6023e+00)	Acc@1 100.00 ( 42.67)	Acc@5 100.00 ( 88.23)
21-Jan-26 08:31:23 - Epoch: [2][3999/9000]	Time  0.080 ( 0.078)	Data  0.001 ( 0.001)	Loss 6.7047e-03 (5.5936e+00)	Acc@1 100.00 ( 43.68)	Acc@5 100.00 ( 88.73)
21-Jan-26 08:32:40 - Epoch: [2][4999/9000]	Time  0.116 ( 0.077)	Data  0.001 ( 0.001)	Loss 2.1873e+00 (5.5737e+00)	Acc@1   0.00 ( 44.08)	Acc@5 100.00 ( 89.06)
21-Jan-26 08:33:58 - Epoch: [2][5999/9000]	Time  0.104 ( 0.078)	Data  0.002 ( 0.001)	Loss 2.3112e+00 (5.6167e+00)	Acc@1   0.00 ( 44.23)	Acc@5 100.00 ( 89.28)
21-Jan-26 08:35:15 - Epoch: [2][6999/9000]	Time  0.091 ( 0.077)	Data  0.001 ( 0.001)	Loss 2.6772e+01 (5.6225e+00)	Acc@1   0.00 ( 44.24)	Acc@5   0.00 ( 89.29)
21-Jan-26 08:36:32 - Epoch: [2][7999/9000]	Time  0.070 ( 0.077)	Data  0.001 ( 0.001)	Loss 1.9255e-01 (5.6295e+00)	Acc@1 100.00 ( 44.40)	Acc@5 100.00 ( 89.59)
21-Jan-26 08:37:50 - Epoch: [2][8999/9000]	Time  0.072 ( 0.077)	Data  0.002 ( 0.001)	Loss 1.9736e+01 (5.5916e+00)	Acc@1   0.00 ( 44.98)	Acc@5 100.00 ( 89.69)
21-Jan-26 08:37:50 -  @Training * Acc@1 44.978 Acc@5 89.689 Loss 5.592
21-Jan-26 08:37:50 - One training epoch latency: 696.9s | Avg Power: 186.8W | Energy: 130169.8519J
21-Jan-26 08:38:00 -  @Testing * Acc@1 47.900 Acc@5 91.900 Loss 5.006
21-Jan-26 08:38:00 - Best acc at epoch 2: 47.900001525878906
21-Jan-26 08:38:00 - Last learning rate: [1.5625e-05]
21-Jan-26 08:38:00 - 	 Epoch 3...
21-Jan-26 08:39:19 - Epoch: [3][ 999/9000]	Time  0.072 ( 0.079)	Data  0.001 ( 0.002)	Loss 0.0000e+00 (5.4224e+00)	Acc@1 100.00 ( 48.50)	Acc@5 100.00 ( 90.60)
21-Jan-26 08:40:36 - Epoch: [3][1999/9000]	Time  0.082 ( 0.078)	Data  0.001 ( 0.001)	Loss 2.7173e+01 (5.4489e+00)	Acc@1   0.00 ( 47.10)	Acc@5 100.00 ( 90.55)
21-Jan-26 08:41:53 - Epoch: [3][2999/9000]	Time  0.079 ( 0.078)	Data  0.001 ( 0.001)	Loss 5.0573e+00 (5.3959e+00)	Acc@1   0.00 ( 47.83)	Acc@5 100.00 ( 90.93)
21-Jan-26 08:43:11 - Epoch: [3][3999/9000]	Time  0.074 ( 0.078)	Data  0.001 ( 0.001)	Loss 4.7684e-06 (5.3111e+00)	Acc@1 100.00 ( 48.38)	Acc@5 100.00 ( 91.53)
21-Jan-26 08:44:28 - Epoch: [3][4999/9000]	Time  0.074 ( 0.078)	Data  0.001 ( 0.001)	Loss 6.2179e+00 (5.2548e+00)	Acc@1   0.00 ( 48.82)	Acc@5 100.00 ( 91.76)
21-Jan-26 08:45:46 - Epoch: [3][5999/9000]	Time  0.079 ( 0.078)	Data  0.001 ( 0.001)	Loss 0.0000e+00 (5.3387e+00)	Acc@1 100.00 ( 48.98)	Acc@5 100.00 ( 91.78)
21-Jan-26 08:47:03 - Epoch: [3][6999/9000]	Time  0.076 ( 0.078)	Data  0.001 ( 0.001)	Loss 1.8833e-04 (5.3606e+00)	Acc@1 100.00 ( 49.19)	Acc@5 100.00 ( 91.86)
21-Jan-26 08:48:20 - Epoch: [3][7999/9000]	Time  0.106 ( 0.077)	Data  0.002 ( 0.001)	Loss 1.3916e-02 (5.3480e+00)	Acc@1 100.00 ( 49.23)	Acc@5 100.00 ( 91.86)
21-Jan-26 08:49:38 - Epoch: [3][8999/9000]	Time  0.066 ( 0.077)	Data  0.001 ( 0.001)	Loss 5.0064e+00 (5.3412e+00)	Acc@1   0.00 ( 49.68)	Acc@5 100.00 ( 91.87)
21-Jan-26 08:49:38 -  @Training * Acc@1 49.678 Acc@5 91.867 Loss 5.341
21-Jan-26 08:49:38 - One training epoch latency: 697.4s | Avg Power: 186.9W | Energy: 130348.0685J
21-Jan-26 08:49:48 -  @Testing * Acc@1 53.000 Acc@5 92.400 Loss 5.213
21-Jan-26 08:49:48 - Best acc at epoch 3: 53.000003814697266
21-Jan-26 08:49:48 - Last learning rate: [1.5625e-05]
21-Jan-26 08:49:48 - 	 Epoch 4...
21-Jan-26 08:51:05 - Epoch: [4][ 999/9000]	Time  0.075 ( 0.077)	Data  0.001 ( 0.002)	Loss 4.6583e-01 (4.6536e+00)	Acc@1 100.00 ( 53.30)	Acc@5 100.00 ( 95.40)
21-Jan-26 08:52:23 - Epoch: [4][1999/9000]	Time  0.069 ( 0.077)	Data  0.001 ( 0.001)	Loss 9.9062e-04 (4.8675e+00)	Acc@1 100.00 ( 53.90)	Acc@5 100.00 ( 94.60)
21-Jan-26 08:53:40 - Epoch: [4][2999/9000]	Time  0.078 ( 0.077)	Data  0.001 ( 0.001)	Loss 2.6664e+01 (5.0218e+00)	Acc@1   0.00 ( 53.30)	Acc@5   0.00 ( 93.80)
21-Jan-26 08:54:57 - Epoch: [4][3999/9000]	Time  0.082 ( 0.077)	Data  0.002 ( 0.001)	Loss 1.4485e+01 (5.0300e+00)	Acc@1   0.00 ( 53.45)	Acc@5 100.00 ( 93.78)
21-Jan-26 08:56:14 - Epoch: [4][4999/9000]	Time  0.068 ( 0.077)	Data  0.001 ( 0.001)	Loss 0.0000e+00 (4.9647e+00)	Acc@1 100.00 ( 53.92)	Acc@5 100.00 ( 93.66)
21-Jan-26 08:57:31 - Epoch: [4][5999/9000]	Time  0.074 ( 0.077)	Data  0.001 ( 0.001)	Loss 0.0000e+00 (4.9562e+00)	Acc@1 100.00 ( 54.18)	Acc@5 100.00 ( 93.70)
21-Jan-26 08:58:49 - Epoch: [4][6999/9000]	Time  0.084 ( 0.077)	Data  0.002 ( 0.001)	Loss 2.1673e+00 (5.0069e+00)	Acc@1   0.00 ( 54.27)	Acc@5 100.00 ( 93.71)
21-Jan-26 09:00:05 - Epoch: [4][7999/9000]	Time  0.077 ( 0.077)	Data  0.001 ( 0.001)	Loss 3.2324e-04 (5.0593e+00)	Acc@1 100.00 ( 54.03)	Acc@5 100.00 ( 93.64)
21-Jan-26 09:01:23 - Epoch: [4][8999/9000]	Time  0.066 ( 0.077)	Data  0.001 ( 0.001)	Loss 7.4153e-01 (5.0487e+00)	Acc@1   0.00 ( 54.16)	Acc@5 100.00 ( 93.70)
21-Jan-26 09:01:23 -  @Training * Acc@1 54.156 Acc@5 93.700 Loss 5.049
21-Jan-26 09:01:23 - One training epoch latency: 694.9s | Avg Power: 185.3W | Energy: 128747.8233J
21-Jan-26 09:01:33 -  @Testing * Acc@1 57.300 Acc@5 94.100 Loss 4.975
21-Jan-26 09:01:33 - Best acc at epoch 4: 57.30000305175781
21-Jan-26 09:01:33 - Last learning rate: [1.5625e-05]
21-Jan-26 09:01:33 - 	 Epoch 5...
21-Jan-26 09:02:51 - Epoch: [5][ 999/9000]	Time  0.072 ( 0.077)	Data  0.001 ( 0.002)	Loss 6.6124e-03 (4.9768e+00)	Acc@1 100.00 ( 54.80)	Acc@5 100.00 ( 94.50)
21-Jan-26 09:04:08 - Epoch: [5][1999/9000]	Time  0.082 ( 0.078)	Data  0.001 ( 0.001)	Loss 1.7073e+01 (4.6918e+00)	Acc@1   0.00 ( 55.95)	Acc@5   0.00 ( 95.10)
21-Jan-26 09:05:25 - Epoch: [5][2999/9000]	Time  0.112 ( 0.077)	Data  0.001 ( 0.001)	Loss 1.3765e+01 (4.5950e+00)	Acc@1   0.00 ( 57.03)	Acc@5   0.00 ( 94.87)
21-Jan-26 09:06:42 - Epoch: [5][3999/9000]	Time  0.080 ( 0.077)	Data  0.001 ( 0.001)	Loss 2.4512e+01 (4.5104e+00)	Acc@1   0.00 ( 57.60)	Acc@5   0.00 ( 95.13)
21-Jan-26 09:08:00 - Epoch: [5][4999/9000]	Time  0.070 ( 0.077)	Data  0.001 ( 0.001)	Loss 3.3525e+01 (4.5757e+00)	Acc@1   0.00 ( 57.76)	Acc@5   0.00 ( 95.12)
21-Jan-26 09:09:17 - Epoch: [5][5999/9000]	Time  0.093 ( 0.077)	Data  0.001 ( 0.001)	Loss 1.7361e+01 (4.5936e+00)	Acc@1   0.00 ( 58.00)	Acc@5 100.00 ( 95.23)
21-Jan-26 09:10:34 - Epoch: [5][6999/9000]	Time  0.077 ( 0.077)	Data  0.001 ( 0.001)	Loss 4.1766e+00 (4.6262e+00)	Acc@1   0.00 ( 57.96)	Acc@5 100.00 ( 95.10)
21-Jan-26 09:11:52 - Epoch: [5][7999/9000]	Time  0.079 ( 0.077)	Data  0.001 ( 0.001)	Loss 1.5183e-03 (4.6363e+00)	Acc@1 100.00 ( 57.93)	Acc@5 100.00 ( 95.19)
21-Jan-26 09:13:09 - Epoch: [5][8999/9000]	Time  0.075 ( 0.077)	Data  0.002 ( 0.001)	Loss 1.5954e+01 (4.6675e+00)	Acc@1   0.00 ( 58.04)	Acc@5 100.00 ( 95.11)
21-Jan-26 09:13:09 -  @Training * Acc@1 58.044 Acc@5 95.111 Loss 4.667
21-Jan-26 09:13:10 - One training epoch latency: 696.1s | Avg Power: 187.1W | Energy: 130210.7572J
21-Jan-26 09:13:20 -  @Testing * Acc@1 52.100 Acc@5 93.500 Loss 6.193
21-Jan-26 09:13:20 - Best acc at epoch 5: 57.30000305175781
21-Jan-26 09:13:20 - Last learning rate: [1.5625e-05]
21-Jan-26 09:13:20 - 	 Epoch 6...
21-Jan-26 09:14:37 - Epoch: [6][ 999/9000]	Time  0.076 ( 0.077)	Data  0.001 ( 0.002)	Loss 2.6226e-05 (4.7148e+00)	Acc@1 100.00 ( 58.30)	Acc@5 100.00 ( 95.10)
21-Jan-26 09:15:55 - Epoch: [6][1999/9000]	Time  0.110 ( 0.078)	Data  0.002 ( 0.002)	Loss 0.0000e+00 (4.3193e+00)	Acc@1 100.00 ( 59.75)	Acc@5 100.00 ( 96.20)
21-Jan-26 09:17:13 - Epoch: [6][2999/9000]	Time  0.068 ( 0.078)	Data  0.001 ( 0.002)	Loss 6.7949e-06 (4.3276e+00)	Acc@1 100.00 ( 60.47)	Acc@5 100.00 ( 96.13)
21-Jan-26 09:18:30 - Epoch: [6][3999/9000]	Time  0.072 ( 0.078)	Data  0.002 ( 0.001)	Loss 1.1921e-07 (4.3918e+00)	Acc@1 100.00 ( 60.15)	Acc@5 100.00 ( 96.10)
21-Jan-26 09:19:48 - Epoch: [6][4999/9000]	Time  0.074 ( 0.078)	Data  0.002 ( 0.001)	Loss 0.0000e+00 (4.3471e+00)	Acc@1 100.00 ( 60.52)	Acc@5 100.00 ( 95.94)
21-Jan-26 09:21:05 - Epoch: [6][5999/9000]	Time  0.069 ( 0.078)	Data  0.001 ( 0.001)	Loss 9.7738e+00 (4.3473e+00)	Acc@1   0.00 ( 60.75)	Acc@5 100.00 ( 95.98)
21-Jan-26 09:22:23 - Epoch: [6][6999/9000]	Time  0.069 ( 0.078)	Data  0.001 ( 0.001)	Loss 0.0000e+00 (4.3666e+00)	Acc@1 100.00 ( 60.83)	Acc@5 100.00 ( 96.06)
21-Jan-26 09:23:41 - Epoch: [6][7999/9000]	Time  0.075 ( 0.078)	Data  0.001 ( 0.001)	Loss 7.1526e-07 (4.3363e+00)	Acc@1 100.00 ( 61.06)	Acc@5 100.00 ( 96.00)
